2025-05-12 01:23:12,927 INFO  [background-preinit] o.h.v.i.u.Version: HV000001: Hibernate Validator 8.0.1.Final
2025-05-12 01:23:12,979 INFO  [main] o.s.b.StartupInfoLogger: Starting ContentIntegrationTest using Java 17.0.14 with PID 200165 (started by obakengm in /home/obakengm/Personal/thutothebe/backend)
2025-05-12 01:23:12,980 DEBUG [main] o.s.b.StartupInfoLogger: Running with Spring Boot v3.2.3, Spring v6.1.4
2025-05-12 01:23:12,981 INFO  [main] o.s.b.SpringApplication: The following 1 profile is active: "test"
2025-05-12 01:23:12,999 DEBUG [main] o.s.c.s.AbstractApplicationContext: Refreshing org.springframework.web.context.support.GenericWebApplicationContext@7ee12d58
2025-05-12 01:23:13,798 INFO  [main] o.s.d.r.c.RepositoryConfigurationDelegate: Bootstrapping Spring Data JPA repositories in DEFAULT mode.
2025-05-12 01:23:13,858 INFO  [main] o.s.d.r.c.RepositoryConfigurationDelegate: Finished Spring Data repository scanning in 50 ms. Found 5 JPA repository interfaces.
2025-05-12 01:23:14,314 INFO  [main] c.z.h.HikariDataSource: ThutoLMSHikariPool - Starting...
2025-05-12 01:23:14,466 INFO  [main] c.z.h.p.HikariPool: ThutoLMSHikariPool - Added connection org.postgresql.jdbc.PgConnection@22bca04e
2025-05-12 01:23:14,468 INFO  [main] c.z.h.HikariDataSource: ThutoLMSHikariPool - Start completed.
2025-05-12 01:23:14,548 INFO  [main] o.f.c.i.l.s.Slf4jLog: Flyway Community Edition 9.22.3 by Redgate
2025-05-12 01:23:14,549 INFO  [main] o.f.c.i.l.s.Slf4jLog: See release notes here: https://rd.gt/416ObMi
2025-05-12 01:23:14,549 INFO  [main] o.f.c.i.l.s.Slf4jLog: 
2025-05-12 01:23:14,559 INFO  [main] o.f.c.i.l.s.Slf4jLog: Database: jdbc:postgresql://localhost:5432/thutothebe (PostgreSQL 13.20)
2025-05-12 01:23:14,584 INFO  [main] o.f.c.i.l.s.Slf4jLog: Successfully validated 0 migrations (execution time 00:00.012s)
2025-05-12 01:23:14,584 WARN  [main] o.f.c.i.l.s.Slf4jLog: No migrations found. Are your locations set up correctly?
2025-05-12 01:23:14,614 INFO  [main] o.f.c.i.l.s.Slf4jLog: Current version of schema "public": << Empty Schema >>
2025-05-12 01:23:14,616 INFO  [main] o.f.c.i.l.s.Slf4jLog: Schema "public" is up to date. No migration necessary.
2025-05-12 01:23:14,695 INFO  [main] o.h.j.i.u.LogHelper: HHH000204: Processing PersistenceUnitInfo [name: default]
2025-05-12 01:23:14,755 INFO  [main] o.h.Version: HHH000412: Hibernate ORM core version 6.4.4.Final
2025-05-12 01:23:14,793 INFO  [main] o.h.c.i.RegionFactoryInitiator: HHH000025: Second-level cache region factory [org.hibernate.cache.jcache.internal.JCacheRegionFactory]
2025-05-12 01:23:14,898 INFO  [main] o.s.o.j.p.SpringPersistenceUnitInfo: No LoadTimeWeaver setup: ignoring JPA class transformer
2025-05-12 01:23:14,945 WARN  [main] o.h.e.j.d.i.DialectFactoryImpl: HHH90000025: PostgreSQLDialect does not need to be specified explicitly using 'hibernate.dialect' (remove the property setting and it will be selected by default)
2025-05-12 01:23:15,699 INFO  [main] o.h.e.t.j.p.i.JtaPlatformInitiator: HHH000489: No JTA platform available (set 'hibernate.transaction.jta.platform' to enable JTA platform integration)
2025-05-12 01:23:15,736 DEBUG [main] o.h.e.j.s.SqlStatementLogger: 
    create table contents (
        id bigserial not null,
        created_at timestamp(6) not null,
        modified_at timestamp(6) not null,
        version bigint,
        active boolean not null,
        description TEXT,
        title varchar(255) not null,
        type varchar(255) not null check (type in ('DOCUMENT','VIDEO','LINK','ANNOUNCEMENT','SCHEDULE')),
        url varchar(255) not null,
        course_id bigint not null,
        created_by bigint not null,
        primary key (id)
    )
2025-05-12 01:23:15,781 DEBUG [main] o.h.e.j.s.SqlStatementLogger: 
    alter table if exists contents 
       add constraint FK26ra050idh8wetyhulbictirv 
       foreign key (course_id) 
       references courses
2025-05-12 01:23:15,786 DEBUG [main] o.h.e.j.s.SqlStatementLogger: 
    alter table if exists contents 
       add constraint FKljs26h4bb8wrnud53phbe7d36 
       foreign key (created_by) 
       references users
2025-05-12 01:23:15,822 INFO  [main] o.s.o.j.AbstractEntityManagerFactoryBean: Initialized JPA EntityManagerFactory for persistence unit 'default'
2025-05-12 01:23:16,130 INFO  [main] o.s.d.j.r.q.QueryEnhancerFactory: Hibernate is in classpath; If applicable, HQL parser will be used.
2025-05-12 01:23:16,876 WARN  [main] o.s.b.a.o.j.JpaBaseConfiguration$JpaWebConfiguration: spring.jpa.open-in-view is enabled by default. Therefore, database queries may be performed during view rendering. Explicitly configure spring.jpa.open-in-view to disable this warning
2025-05-12 01:23:16,895 WARN  [main] o.s.b.a.s.s.UserDetailsServiceAutoConfiguration: 

Using generated security password: 3593e5a4-1123-4893-b65f-825a79450429

This generated password is for development use only. Your security configuration must be updated before running your application in production.

2025-05-12 01:23:17,066 DEBUG [main] o.s.w.s.h.AbstractHandlerMethodMapping: 55 mappings in 'requestMappingHandlerMapping'
2025-05-12 01:23:17,155 DEBUG [main] o.s.w.s.h.SimpleUrlHandlerMapping: Patterns [/webjars/**, /**, /swagger-ui*/*swagger-initializer.js, /swagger-ui*/**] in 'resourceHandlerMapping'
2025-05-12 01:23:17,187 INFO  [main] o.s.s.w.DefaultSecurityFilterChain: Will secure any request with [org.springframework.security.web.session.DisableEncodeUrlFilter@53fa89e6, org.springframework.security.web.context.request.async.WebAsyncManagerIntegrationFilter@6670d46e, org.springframework.security.web.context.SecurityContextHolderFilter@7b787996, org.springframework.security.web.header.HeaderWriterFilter@7df468f6, org.springframework.web.filter.CorsFilter@da87122, org.springframework.security.web.authentication.logout.LogoutFilter@4f241437, org.springframework.security.web.savedrequest.RequestCacheAwareFilter@33a1bff8, org.springframework.security.web.servletapi.SecurityContextHolderAwareRequestFilter@391133ad, org.springframework.security.web.authentication.AnonymousAuthenticationFilter@729cb7b, org.springframework.security.web.session.SessionManagementFilter@40ee8512, org.springframework.security.web.access.ExceptionTranslationFilter@1d904637, org.springframework.security.web.access.intercept.AuthorizationFilter@7563ca08]
2025-05-12 01:23:17,364 DEBUG [main] o.s.w.s.m.m.a.RequestMappingHandlerAdapter: ControllerAdvice beans: 0 @ModelAttribute, 0 @InitBinder, 1 RequestBodyAdvice, 1 ResponseBodyAdvice
2025-05-12 01:23:17,392 DEBUG [main] o.s.w.s.m.m.a.ExceptionHandlerExceptionResolver: ControllerAdvice beans: 1 @ExceptionHandler, 1 ResponseBodyAdvice
2025-05-12 01:23:17,424 WARN  [main] o.s.b.a.t.ThymeleafAutoConfiguration$DefaultTemplateResolverConfiguration: Cannot find template location: classpath:/templates/ (please add some templates, check your Thymeleaf configuration, or set spring.thymeleaf.check-template-location=false)
2025-05-12 01:23:17,606 DEBUG [main] o.s.w.f.GenericFilterBean: Filter 'securityDebugFilter' configured for use
2025-05-12 01:23:17,607 INFO  [main] o.s.m.w.MockServletContext: Initializing Spring TestDispatcherServlet ''
2025-05-12 01:23:17,608 INFO  [main] o.s.w.s.FrameworkServlet: Initializing Servlet ''
2025-05-12 01:23:17,609 INFO  [main] o.s.w.s.FrameworkServlet: Completed initialization in 1 ms
2025-05-12 01:23:17,635 INFO  [main] o.s.b.StartupInfoLogger: Started ContentIntegrationTest in 5.124 seconds (process running for 8.82)
2025-05-12 01:23:17,714 DEBUG [main] o.h.e.j.s.SqlStatementLogger: 
    insert 
    into
        courses
        (active, code, created_at, description, modified_at, name, teacher_id, version) 
    values
        (?, ?, ?, ?, ?, ?, ?, ?)
2025-05-12 01:23:17,722 WARN  [main] o.h.e.j.s.SqlExceptionHelper: SQL Error: 0, SQLState: 23502
2025-05-12 01:23:17,722 ERROR [main] o.h.e.j.s.SqlExceptionHelper: ERROR: null value in column "code" of relation "courses" violates not-null constraint
  Detail: Failing row contains (1, 2025-05-12 01:23:17.686834, 2025-05-12 01:23:17.686849, 0, t, null, null, Test Course, null).
2025-05-12 01:23:17,741 DEBUG [main] o.h.e.j.s.SqlStatementLogger: 
    insert 
    into
        courses
        (active, code, created_at, description, modified_at, name, teacher_id, version) 
    values
        (?, ?, ?, ?, ?, ?, ?, ?)
2025-05-12 01:23:17,743 WARN  [main] o.h.e.j.s.SqlExceptionHelper: SQL Error: 0, SQLState: 23502
2025-05-12 01:23:17,743 ERROR [main] o.h.e.j.s.SqlExceptionHelper: ERROR: null value in column "code" of relation "courses" violates not-null constraint
  Detail: Failing row contains (2, 2025-05-12 01:23:17.74097, 2025-05-12 01:23:17.740976, 0, t, null, null, Test Course, null).
2025-05-12 01:23:17,752 DEBUG [main] o.h.e.j.s.SqlStatementLogger: 
    insert 
    into
        courses
        (active, code, created_at, description, modified_at, name, teacher_id, version) 
    values
        (?, ?, ?, ?, ?, ?, ?, ?)
2025-05-12 01:23:17,753 WARN  [main] o.h.e.j.s.SqlExceptionHelper: SQL Error: 0, SQLState: 23502
2025-05-12 01:23:17,754 ERROR [main] o.h.e.j.s.SqlExceptionHelper: ERROR: null value in column "code" of relation "courses" violates not-null constraint
  Detail: Failing row contains (3, 2025-05-12 01:23:17.75147, 2025-05-12 01:23:17.751485, 0, t, null, null, Test Course, null).
2025-05-12 01:23:17,763 DEBUG [main] o.h.e.j.s.SqlStatementLogger: 
    insert 
    into
        courses
        (active, code, created_at, description, modified_at, name, teacher_id, version) 
    values
        (?, ?, ?, ?, ?, ?, ?, ?)
2025-05-12 01:23:17,764 WARN  [main] o.h.e.j.s.SqlExceptionHelper: SQL Error: 0, SQLState: 23502
2025-05-12 01:23:17,764 ERROR [main] o.h.e.j.s.SqlExceptionHelper: ERROR: null value in column "code" of relation "courses" violates not-null constraint
  Detail: Failing row contains (4, 2025-05-12 01:23:17.762496, 2025-05-12 01:23:17.762503, 0, t, null, null, Test Course, null).
2025-05-12 01:23:17,772 DEBUG [main] o.h.e.j.s.SqlStatementLogger: 
    insert 
    into
        courses
        (active, code, created_at, description, modified_at, name, teacher_id, version) 
    values
        (?, ?, ?, ?, ?, ?, ?, ?)
2025-05-12 01:23:17,774 WARN  [main] o.h.e.j.s.SqlExceptionHelper: SQL Error: 0, SQLState: 23502
2025-05-12 01:23:17,775 ERROR [main] o.h.e.j.s.SqlExceptionHelper: ERROR: null value in column "code" of relation "courses" violates not-null constraint
  Detail: Failing row contains (5, 2025-05-12 01:23:17.772386, 2025-05-12 01:23:17.772393, 0, t, null, null, Test Course, null).
2025-05-12 01:23:17,782 DEBUG [main] o.h.e.j.s.SqlStatementLogger: 
    insert 
    into
        courses
        (active, code, created_at, description, modified_at, name, teacher_id, version) 
    values
        (?, ?, ?, ?, ?, ?, ?, ?)
2025-05-12 01:23:17,784 WARN  [main] o.h.e.j.s.SqlExceptionHelper: SQL Error: 0, SQLState: 23502
2025-05-12 01:23:17,784 ERROR [main] o.h.e.j.s.SqlExceptionHelper: ERROR: null value in column "code" of relation "courses" violates not-null constraint
  Detail: Failing row contains (6, 2025-05-12 01:23:17.782404, 2025-05-12 01:23:17.782415, 0, t, null, null, Test Course, null).
2025-05-12 01:23:17,793 DEBUG [main] o.h.e.j.s.SqlStatementLogger: 
    insert 
    into
        courses
        (active, code, created_at, description, modified_at, name, teacher_id, version) 
    values
        (?, ?, ?, ?, ?, ?, ?, ?)
2025-05-12 01:23:17,794 WARN  [main] o.h.e.j.s.SqlExceptionHelper: SQL Error: 0, SQLState: 23502
2025-05-12 01:23:17,794 ERROR [main] o.h.e.j.s.SqlExceptionHelper: ERROR: null value in column "code" of relation "courses" violates not-null constraint
  Detail: Failing row contains (7, 2025-05-12 01:23:17.792745, 2025-05-12 01:23:17.792749, 0, t, null, null, Test Course, null).
2025-05-12 01:23:17,802 DEBUG [main] o.h.e.j.s.SqlStatementLogger: 
    insert 
    into
        courses
        (active, code, created_at, description, modified_at, name, teacher_id, version) 
    values
        (?, ?, ?, ?, ?, ?, ?, ?)
2025-05-12 01:23:17,803 WARN  [main] o.h.e.j.s.SqlExceptionHelper: SQL Error: 0, SQLState: 23502
2025-05-12 01:23:17,804 ERROR [main] o.h.e.j.s.SqlExceptionHelper: ERROR: null value in column "code" of relation "courses" violates not-null constraint
  Detail: Failing row contains (8, 2025-05-12 01:23:17.802026, 2025-05-12 01:23:17.802031, 0, t, null, null, Test Course, null).
2025-05-12 01:23:18,132 DEBUG [SpringApplicationShutdownHook] o.s.c.s.AbstractApplicationContext: Closing org.springframework.web.context.support.GenericWebApplicationContext@7ee12d58, started on Mon May 12 01:23:12 CAT 2025
2025-05-12 01:23:18,139 INFO  [SpringApplicationShutdownHook] o.s.o.j.AbstractEntityManagerFactoryBean: Closing JPA EntityManagerFactory for persistence unit 'default'
2025-05-12 01:23:18,141 WARN  [SpringApplicationShutdownHook] o.h.c.s.AbstractRegionFactory: HHH90001002: Attempt to restop an already stopped JCacheRegionFactory.
2025-05-12 01:23:18,143 INFO  [SpringApplicationShutdownHook] c.z.h.HikariDataSource: ThutoLMSHikariPool - Shutdown initiated...
2025-05-12 01:23:18,146 INFO  [SpringApplicationShutdownHook] c.z.h.HikariDataSource: ThutoLMSHikariPool - Shutdown completed.
2025-05-12 01:24:07,518 INFO  [background-preinit] o.h.v.i.u.Version: HV000001: Hibernate Validator 8.0.1.Final
2025-05-12 01:24:07,557 INFO  [main] o.s.b.StartupInfoLogger: Starting ContentIntegrationTest using Java 24.0.1 with PID 201353 (started by obakengm in /home/obakengm/Personal/thutothebe/backend)
2025-05-12 01:24:07,558 DEBUG [main] o.s.b.StartupInfoLogger: Running with Spring Boot v3.2.3, Spring v6.1.4
2025-05-12 01:24:07,559 INFO  [main] o.s.b.SpringApplication: The following 1 profile is active: "test"
2025-05-12 01:24:07,579 DEBUG [main] o.s.c.s.AbstractApplicationContext: Refreshing org.springframework.web.context.support.GenericWebApplicationContext@e4ef4c0
2025-05-12 01:24:08,322 INFO  [main] o.s.d.r.c.RepositoryConfigurationDelegate: Bootstrapping Spring Data JPA repositories in DEFAULT mode.
2025-05-12 01:24:08,386 INFO  [main] o.s.d.r.c.RepositoryConfigurationDelegate: Finished Spring Data repository scanning in 57 ms. Found 5 JPA repository interfaces.
2025-05-12 01:24:08,868 INFO  [main] c.z.h.HikariDataSource: ThutoLMSHikariPool - Starting...
2025-05-12 01:24:09,078 INFO  [main] c.z.h.p.HikariPool: ThutoLMSHikariPool - Added connection org.postgresql.jdbc.PgConnection@56897de0
2025-05-12 01:24:09,080 INFO  [main] c.z.h.HikariDataSource: ThutoLMSHikariPool - Start completed.
2025-05-12 01:24:09,141 INFO  [main] o.f.c.i.l.s.Slf4jLog: Flyway Community Edition 9.22.3 by Redgate
2025-05-12 01:24:09,142 INFO  [main] o.f.c.i.l.s.Slf4jLog: See release notes here: https://rd.gt/416ObMi
2025-05-12 01:24:09,142 INFO  [main] o.f.c.i.l.s.Slf4jLog: 
2025-05-12 01:24:09,160 INFO  [main] o.f.c.i.l.s.Slf4jLog: Database: jdbc:postgresql://localhost:5432/thutothebe (PostgreSQL 13.20)
2025-05-12 01:24:09,187 INFO  [main] o.f.c.i.l.s.Slf4jLog: Successfully validated 0 migrations (execution time 00:00.012s)
2025-05-12 01:24:09,188 WARN  [main] o.f.c.i.l.s.Slf4jLog: No migrations found. Are your locations set up correctly?
2025-05-12 01:24:09,221 INFO  [main] o.f.c.i.l.s.Slf4jLog: Current version of schema "public": << Empty Schema >>
2025-05-12 01:24:09,226 INFO  [main] o.f.c.i.l.s.Slf4jLog: Schema "public" is up to date. No migration necessary.
2025-05-12 01:24:09,323 INFO  [main] o.h.j.i.u.LogHelper: HHH000204: Processing PersistenceUnitInfo [name: default]
2025-05-12 01:24:09,380 INFO  [main] o.h.Version: HHH000412: Hibernate ORM core version 6.4.4.Final
2025-05-12 01:24:09,409 INFO  [main] o.h.c.i.RegionFactoryInitiator: HHH000025: Second-level cache region factory [org.hibernate.cache.jcache.internal.JCacheRegionFactory]
2025-05-12 01:24:09,498 INFO  [main] o.s.o.j.p.SpringPersistenceUnitInfo: No LoadTimeWeaver setup: ignoring JPA class transformer
2025-05-12 01:24:09,537 WARN  [main] o.h.e.j.d.i.DialectFactoryImpl: HHH90000025: PostgreSQLDialect does not need to be specified explicitly using 'hibernate.dialect' (remove the property setting and it will be selected by default)
2025-05-12 01:24:10,316 INFO  [main] o.h.e.t.j.p.i.JtaPlatformInitiator: HHH000489: No JTA platform available (set 'hibernate.transaction.jta.platform' to enable JTA platform integration)
2025-05-12 01:24:10,438 INFO  [main] o.s.o.j.AbstractEntityManagerFactoryBean: Initialized JPA EntityManagerFactory for persistence unit 'default'
2025-05-12 01:24:10,748 INFO  [main] o.s.d.j.r.q.QueryEnhancerFactory: Hibernate is in classpath; If applicable, HQL parser will be used.
2025-05-12 01:24:12,056 WARN  [main] o.s.b.a.o.j.JpaBaseConfiguration$JpaWebConfiguration: spring.jpa.open-in-view is enabled by default. Therefore, database queries may be performed during view rendering. Explicitly configure spring.jpa.open-in-view to disable this warning
2025-05-12 01:24:12,089 WARN  [main] o.s.b.a.s.s.UserDetailsServiceAutoConfiguration: 

Using generated security password: 3f1637e8-c325-4f21-a1b9-22906fc2a215

This generated password is for development use only. Your security configuration must be updated before running your application in production.

2025-05-12 01:24:12,287 DEBUG [main] o.s.w.s.h.AbstractHandlerMethodMapping: 55 mappings in 'requestMappingHandlerMapping'
2025-05-12 01:24:12,386 DEBUG [main] o.s.w.s.h.SimpleUrlHandlerMapping: Patterns [/webjars/**, /**, /swagger-ui*/*swagger-initializer.js, /swagger-ui*/**] in 'resourceHandlerMapping'
2025-05-12 01:24:12,418 INFO  [main] o.s.s.w.DefaultSecurityFilterChain: Will secure any request with [org.springframework.security.web.session.DisableEncodeUrlFilter@3de49725, org.springframework.security.web.context.request.async.WebAsyncManagerIntegrationFilter@3580dd47, org.springframework.security.web.context.SecurityContextHolderFilter@6166d18b, org.springframework.security.web.header.HeaderWriterFilter@bf29f54, org.springframework.web.filter.CorsFilter@6942d9bc, org.springframework.security.web.authentication.logout.LogoutFilter@2ee3549e, org.springframework.security.web.savedrequest.RequestCacheAwareFilter@3d4d5af7, org.springframework.security.web.servletapi.SecurityContextHolderAwareRequestFilter@33d74ebd, org.springframework.security.web.authentication.AnonymousAuthenticationFilter@5aa9fdc2, org.springframework.security.web.session.SessionManagementFilter@7ffb99da, org.springframework.security.web.access.ExceptionTranslationFilter@aae69d3, org.springframework.security.web.access.intercept.AuthorizationFilter@36a7c96f]
2025-05-12 01:24:12,608 DEBUG [main] o.s.w.s.m.m.a.RequestMappingHandlerAdapter: ControllerAdvice beans: 0 @ModelAttribute, 0 @InitBinder, 1 RequestBodyAdvice, 1 ResponseBodyAdvice
2025-05-12 01:24:12,636 DEBUG [main] o.s.w.s.m.m.a.ExceptionHandlerExceptionResolver: ControllerAdvice beans: 1 @ExceptionHandler, 1 ResponseBodyAdvice
2025-05-12 01:24:12,680 WARN  [main] o.s.b.a.t.ThymeleafAutoConfiguration$DefaultTemplateResolverConfiguration: Cannot find template location: classpath:/templates/ (please add some templates, check your Thymeleaf configuration, or set spring.thymeleaf.check-template-location=false)
2025-05-12 01:24:12,891 DEBUG [main] o.s.w.f.GenericFilterBean: Filter 'securityDebugFilter' configured for use
2025-05-12 01:24:12,892 INFO  [main] o.s.m.w.MockServletContext: Initializing Spring TestDispatcherServlet ''
2025-05-12 01:24:12,893 INFO  [main] o.s.w.s.FrameworkServlet: Initializing Servlet ''
2025-05-12 01:24:12,894 INFO  [main] o.s.w.s.FrameworkServlet: Completed initialization in 1 ms
2025-05-12 01:24:12,921 INFO  [main] o.s.b.StartupInfoLogger: Started ContentIntegrationTest in 5.808 seconds (process running for 12.271)
2025-05-12 01:24:13,007 DEBUG [main] o.h.e.j.s.SqlStatementLogger: 
    insert 
    into
        courses
        (active, code, created_at, description, modified_at, name, teacher_id, version) 
    values
        (?, ?, ?, ?, ?, ?, ?, ?)
2025-05-12 01:24:13,014 WARN  [main] o.h.e.j.s.SqlExceptionHelper: SQL Error: 0, SQLState: 23502
2025-05-12 01:24:13,015 ERROR [main] o.h.e.j.s.SqlExceptionHelper: ERROR: null value in column "code" of relation "courses" violates not-null constraint
  Detail: Failing row contains (9, 2025-05-12 01:24:12.977955, 2025-05-12 01:24:12.977974, 0, t, null, null, Test Course, null).
2025-05-12 01:24:13,035 DEBUG [main] o.h.e.j.s.SqlStatementLogger: 
    insert 
    into
        courses
        (active, code, created_at, description, modified_at, name, teacher_id, version) 
    values
        (?, ?, ?, ?, ?, ?, ?, ?)
2025-05-12 01:24:13,036 WARN  [main] o.h.e.j.s.SqlExceptionHelper: SQL Error: 0, SQLState: 23502
2025-05-12 01:24:13,036 ERROR [main] o.h.e.j.s.SqlExceptionHelper: ERROR: null value in column "code" of relation "courses" violates not-null constraint
  Detail: Failing row contains (10, 2025-05-12 01:24:13.034539, 2025-05-12 01:24:13.034545, 0, t, null, null, Test Course, null).
2025-05-12 01:24:13,048 DEBUG [main] o.h.e.j.s.SqlStatementLogger: 
    insert 
    into
        courses
        (active, code, created_at, description, modified_at, name, teacher_id, version) 
    values
        (?, ?, ?, ?, ?, ?, ?, ?)
2025-05-12 01:24:13,050 WARN  [main] o.h.e.j.s.SqlExceptionHelper: SQL Error: 0, SQLState: 23502
2025-05-12 01:24:13,050 ERROR [main] o.h.e.j.s.SqlExceptionHelper: ERROR: null value in column "code" of relation "courses" violates not-null constraint
  Detail: Failing row contains (11, 2025-05-12 01:24:13.047752, 2025-05-12 01:24:13.04776, 0, t, null, null, Test Course, null).
2025-05-12 01:24:13,059 DEBUG [main] o.h.e.j.s.SqlStatementLogger: 
    insert 
    into
        courses
        (active, code, created_at, description, modified_at, name, teacher_id, version) 
    values
        (?, ?, ?, ?, ?, ?, ?, ?)
2025-05-12 01:24:13,062 WARN  [main] o.h.e.j.s.SqlExceptionHelper: SQL Error: 0, SQLState: 23502
2025-05-12 01:24:13,062 ERROR [main] o.h.e.j.s.SqlExceptionHelper: ERROR: null value in column "code" of relation "courses" violates not-null constraint
  Detail: Failing row contains (12, 2025-05-12 01:24:13.058376, 2025-05-12 01:24:13.058381, 0, t, null, null, Test Course, null).
2025-05-12 01:24:13,073 DEBUG [main] o.h.e.j.s.SqlStatementLogger: 
    insert 
    into
        courses
        (active, code, created_at, description, modified_at, name, teacher_id, version) 
    values
        (?, ?, ?, ?, ?, ?, ?, ?)
2025-05-12 01:24:13,075 WARN  [main] o.h.e.j.s.SqlExceptionHelper: SQL Error: 0, SQLState: 23502
2025-05-12 01:24:13,076 ERROR [main] o.h.e.j.s.SqlExceptionHelper: ERROR: null value in column "code" of relation "courses" violates not-null constraint
  Detail: Failing row contains (13, 2025-05-12 01:24:13.07316, 2025-05-12 01:24:13.073167, 0, t, null, null, Test Course, null).
2025-05-12 01:24:13,088 DEBUG [main] o.h.e.j.s.SqlStatementLogger: 
    insert 
    into
        courses
        (active, code, created_at, description, modified_at, name, teacher_id, version) 
    values
        (?, ?, ?, ?, ?, ?, ?, ?)
2025-05-12 01:24:13,089 WARN  [main] o.h.e.j.s.SqlExceptionHelper: SQL Error: 0, SQLState: 23502
2025-05-12 01:24:13,090 ERROR [main] o.h.e.j.s.SqlExceptionHelper: ERROR: null value in column "code" of relation "courses" violates not-null constraint
  Detail: Failing row contains (14, 2025-05-12 01:24:13.087542, 2025-05-12 01:24:13.08755, 0, t, null, null, Test Course, null).
2025-05-12 01:24:13,099 DEBUG [main] o.h.e.j.s.SqlStatementLogger: 
    insert 
    into
        courses
        (active, code, created_at, description, modified_at, name, teacher_id, version) 
    values
        (?, ?, ?, ?, ?, ?, ?, ?)
2025-05-12 01:24:13,102 WARN  [main] o.h.e.j.s.SqlExceptionHelper: SQL Error: 0, SQLState: 23502
2025-05-12 01:24:13,102 ERROR [main] o.h.e.j.s.SqlExceptionHelper: ERROR: null value in column "code" of relation "courses" violates not-null constraint
  Detail: Failing row contains (15, 2025-05-12 01:24:13.098929, 2025-05-12 01:24:13.098938, 0, t, null, null, Test Course, null).
2025-05-12 01:24:13,110 DEBUG [main] o.h.e.j.s.SqlStatementLogger: 
    insert 
    into
        courses
        (active, code, created_at, description, modified_at, name, teacher_id, version) 
    values
        (?, ?, ?, ?, ?, ?, ?, ?)
2025-05-12 01:24:13,111 WARN  [main] o.h.e.j.s.SqlExceptionHelper: SQL Error: 0, SQLState: 23502
2025-05-12 01:24:13,111 ERROR [main] o.h.e.j.s.SqlExceptionHelper: ERROR: null value in column "code" of relation "courses" violates not-null constraint
  Detail: Failing row contains (16, 2025-05-12 01:24:13.109604, 2025-05-12 01:24:13.10961, 0, t, null, null, Test Course, null).
2025-05-12 01:24:13,141 DEBUG [SpringApplicationShutdownHook] o.s.c.s.AbstractApplicationContext: Closing org.springframework.web.context.support.GenericWebApplicationContext@e4ef4c0, started on Mon May 12 01:24:07 CAT 2025
2025-05-12 01:24:13,149 INFO  [SpringApplicationShutdownHook] o.s.o.j.AbstractEntityManagerFactoryBean: Closing JPA EntityManagerFactory for persistence unit 'default'
2025-05-12 01:24:13,153 WARN  [SpringApplicationShutdownHook] o.h.c.s.AbstractRegionFactory: HHH90001002: Attempt to restop an already stopped JCacheRegionFactory.
2025-05-12 01:24:13,155 INFO  [SpringApplicationShutdownHook] c.z.h.HikariDataSource: ThutoLMSHikariPool - Shutdown initiated...
2025-05-12 01:24:13,157 INFO  [SpringApplicationShutdownHook] c.z.h.HikariDataSource: ThutoLMSHikariPool - Shutdown completed.
2025-05-12 01:27:51,636 INFO  [background-preinit] o.h.v.i.u.Version: HV000001: Hibernate Validator 8.0.1.Final
2025-05-12 01:27:51,689 INFO  [main] o.s.b.StartupInfoLogger: Starting ContentIntegrationTest using Java 17.0.14 with PID 206800 (started by obakengm in /home/obakengm/Personal/thutothebe/backend)
2025-05-12 01:27:51,690 DEBUG [main] o.s.b.StartupInfoLogger: Running with Spring Boot v3.2.3, Spring v6.1.4
2025-05-12 01:27:51,691 INFO  [main] o.s.b.SpringApplication: The following 1 profile is active: "test"
2025-05-12 01:27:51,707 DEBUG [main] o.s.c.s.AbstractApplicationContext: Refreshing org.springframework.web.context.support.GenericWebApplicationContext@632c3f55
2025-05-12 01:27:52,493 INFO  [main] o.s.d.r.c.RepositoryConfigurationDelegate: Bootstrapping Spring Data JPA repositories in DEFAULT mode.
2025-05-12 01:27:52,568 INFO  [main] o.s.d.r.c.RepositoryConfigurationDelegate: Finished Spring Data repository scanning in 68 ms. Found 5 JPA repository interfaces.
2025-05-12 01:27:53,060 INFO  [main] c.z.h.HikariDataSource: ThutoLMSHikariPool - Starting...
2025-05-12 01:27:53,200 INFO  [main] c.z.h.p.HikariPool: ThutoLMSHikariPool - Added connection org.postgresql.jdbc.PgConnection@2e564c78
2025-05-12 01:27:53,202 INFO  [main] c.z.h.HikariDataSource: ThutoLMSHikariPool - Start completed.
2025-05-12 01:27:53,289 INFO  [main] o.f.c.i.l.s.Slf4jLog: Flyway Community Edition 9.22.3 by Redgate
2025-05-12 01:27:53,290 INFO  [main] o.f.c.i.l.s.Slf4jLog: See release notes here: https://rd.gt/416ObMi
2025-05-12 01:27:53,290 INFO  [main] o.f.c.i.l.s.Slf4jLog: 
2025-05-12 01:27:53,308 INFO  [main] o.f.c.i.l.s.Slf4jLog: Database: jdbc:postgresql://localhost:5432/thutothebe (PostgreSQL 13.20)
2025-05-12 01:27:53,342 INFO  [main] o.f.c.i.l.s.Slf4jLog: Successfully validated 0 migrations (execution time 00:00.013s)
2025-05-12 01:27:53,342 WARN  [main] o.f.c.i.l.s.Slf4jLog: No migrations found. Are your locations set up correctly?
2025-05-12 01:27:53,360 INFO  [main] o.f.c.i.l.s.Slf4jLog: Current version of schema "public": << Empty Schema >>
2025-05-12 01:27:53,363 INFO  [main] o.f.c.i.l.s.Slf4jLog: Schema "public" is up to date. No migration necessary.
2025-05-12 01:27:53,447 INFO  [main] o.h.j.i.u.LogHelper: HHH000204: Processing PersistenceUnitInfo [name: default]
2025-05-12 01:27:53,498 INFO  [main] o.h.Version: HHH000412: Hibernate ORM core version 6.4.4.Final
2025-05-12 01:27:53,528 INFO  [main] o.h.c.i.RegionFactoryInitiator: HHH000025: Second-level cache region factory [org.hibernate.cache.jcache.internal.JCacheRegionFactory]
2025-05-12 01:27:53,629 INFO  [main] o.s.o.j.p.SpringPersistenceUnitInfo: No LoadTimeWeaver setup: ignoring JPA class transformer
2025-05-12 01:27:53,685 WARN  [main] o.h.e.j.d.i.DialectFactoryImpl: HHH90000025: PostgreSQLDialect does not need to be specified explicitly using 'hibernate.dialect' (remove the property setting and it will be selected by default)
2025-05-12 01:27:54,498 INFO  [main] o.h.e.t.j.p.i.JtaPlatformInitiator: HHH000489: No JTA platform available (set 'hibernate.transaction.jta.platform' to enable JTA platform integration)
2025-05-12 01:27:54,617 INFO  [main] o.s.o.j.AbstractEntityManagerFactoryBean: Initialized JPA EntityManagerFactory for persistence unit 'default'
2025-05-12 01:27:54,963 INFO  [main] o.s.d.j.r.q.QueryEnhancerFactory: Hibernate is in classpath; If applicable, HQL parser will be used.
2025-05-12 01:27:55,865 WARN  [main] o.s.b.a.o.j.JpaBaseConfiguration$JpaWebConfiguration: spring.jpa.open-in-view is enabled by default. Therefore, database queries may be performed during view rendering. Explicitly configure spring.jpa.open-in-view to disable this warning
2025-05-12 01:27:55,894 WARN  [main] o.s.b.a.s.s.UserDetailsServiceAutoConfiguration: 

Using generated security password: 97b7c10f-1420-4be5-81f2-7ca47a7950d9

This generated password is for development use only. Your security configuration must be updated before running your application in production.

2025-05-12 01:27:56,100 DEBUG [main] o.s.w.s.h.AbstractHandlerMethodMapping: 55 mappings in 'requestMappingHandlerMapping'
2025-05-12 01:27:56,218 DEBUG [main] o.s.w.s.h.SimpleUrlHandlerMapping: Patterns [/webjars/**, /**, /swagger-ui*/*swagger-initializer.js, /swagger-ui*/**] in 'resourceHandlerMapping'
2025-05-12 01:27:56,268 INFO  [main] o.s.s.w.DefaultSecurityFilterChain: Will secure any request with [org.springframework.security.web.session.DisableEncodeUrlFilter@94af25, org.springframework.security.web.context.request.async.WebAsyncManagerIntegrationFilter@34bc5763, org.springframework.security.web.context.SecurityContextHolderFilter@7babfd29, org.springframework.security.web.header.HeaderWriterFilter@1a343d3e, org.springframework.web.filter.CorsFilter@12025b72, org.springframework.security.web.authentication.logout.LogoutFilter@64f578eb, org.springframework.security.web.savedrequest.RequestCacheAwareFilter@3f2fd933, org.springframework.security.web.servletapi.SecurityContextHolderAwareRequestFilter@6c430548, org.springframework.security.web.authentication.AnonymousAuthenticationFilter@288c16a5, org.springframework.security.web.session.SessionManagementFilter@656ac24, org.springframework.security.web.access.ExceptionTranslationFilter@5aa345a5, org.springframework.security.web.access.intercept.AuthorizationFilter@7f3964b0]
2025-05-12 01:27:56,526 DEBUG [main] o.s.w.s.m.m.a.RequestMappingHandlerAdapter: ControllerAdvice beans: 0 @ModelAttribute, 0 @InitBinder, 1 RequestBodyAdvice, 1 ResponseBodyAdvice
2025-05-12 01:27:56,573 DEBUG [main] o.s.w.s.m.m.a.ExceptionHandlerExceptionResolver: ControllerAdvice beans: 1 @ExceptionHandler, 1 ResponseBodyAdvice
2025-05-12 01:27:56,619 WARN  [main] o.s.b.a.t.ThymeleafAutoConfiguration$DefaultTemplateResolverConfiguration: Cannot find template location: classpath:/templates/ (please add some templates, check your Thymeleaf configuration, or set spring.thymeleaf.check-template-location=false)
2025-05-12 01:27:56,880 DEBUG [main] o.s.w.f.GenericFilterBean: Filter 'securityDebugFilter' configured for use
2025-05-12 01:27:56,881 INFO  [main] o.s.m.w.MockServletContext: Initializing Spring TestDispatcherServlet ''
2025-05-12 01:27:56,882 INFO  [main] o.s.w.s.FrameworkServlet: Initializing Servlet ''
2025-05-12 01:27:56,883 INFO  [main] o.s.w.s.FrameworkServlet: Completed initialization in 1 ms
2025-05-12 01:27:56,910 INFO  [main] o.s.b.StartupInfoLogger: Started ContentIntegrationTest in 5.596 seconds (process running for 8.923)
2025-05-12 01:27:57,017 DEBUG [main] o.h.e.j.s.SqlStatementLogger: 
    insert 
    into
        courses
        (active, code, created_at, description, modified_at, name, teacher_id, version) 
    values
        (?, ?, ?, ?, ?, ?, ?, ?)
2025-05-12 01:27:57,026 WARN  [main] o.h.e.j.s.SqlExceptionHelper: SQL Error: 0, SQLState: 23502
2025-05-12 01:27:57,027 ERROR [main] o.h.e.j.s.SqlExceptionHelper: ERROR: null value in column "code" of relation "courses" violates not-null constraint
  Detail: Failing row contains (17, 2025-05-12 01:27:56.980219, 2025-05-12 01:27:56.980242, 0, t, null, null, Test Course, null).
2025-05-12 01:27:57,052 DEBUG [main] o.h.e.j.s.SqlStatementLogger: 
    insert 
    into
        courses
        (active, code, created_at, description, modified_at, name, teacher_id, version) 
    values
        (?, ?, ?, ?, ?, ?, ?, ?)
2025-05-12 01:27:57,054 WARN  [main] o.h.e.j.s.SqlExceptionHelper: SQL Error: 0, SQLState: 23502
2025-05-12 01:27:57,055 ERROR [main] o.h.e.j.s.SqlExceptionHelper: ERROR: null value in column "code" of relation "courses" violates not-null constraint
  Detail: Failing row contains (18, 2025-05-12 01:27:57.051585, 2025-05-12 01:27:57.051595, 0, t, null, null, Test Course, null).
2025-05-12 01:27:57,068 DEBUG [main] o.h.e.j.s.SqlStatementLogger: 
    insert 
    into
        courses
        (active, code, created_at, description, modified_at, name, teacher_id, version) 
    values
        (?, ?, ?, ?, ?, ?, ?, ?)
2025-05-12 01:27:57,070 WARN  [main] o.h.e.j.s.SqlExceptionHelper: SQL Error: 0, SQLState: 23502
2025-05-12 01:27:57,070 ERROR [main] o.h.e.j.s.SqlExceptionHelper: ERROR: null value in column "code" of relation "courses" violates not-null constraint
  Detail: Failing row contains (19, 2025-05-12 01:27:57.067366, 2025-05-12 01:27:57.067372, 0, t, null, null, Test Course, null).
2025-05-12 01:27:57,082 DEBUG [main] o.h.e.j.s.SqlStatementLogger: 
    insert 
    into
        courses
        (active, code, created_at, description, modified_at, name, teacher_id, version) 
    values
        (?, ?, ?, ?, ?, ?, ?, ?)
2025-05-12 01:27:57,083 WARN  [main] o.h.e.j.s.SqlExceptionHelper: SQL Error: 0, SQLState: 23502
2025-05-12 01:27:57,084 ERROR [main] o.h.e.j.s.SqlExceptionHelper: ERROR: null value in column "code" of relation "courses" violates not-null constraint
  Detail: Failing row contains (20, 2025-05-12 01:27:57.081023, 2025-05-12 01:27:57.081032, 0, t, null, null, Test Course, null).
2025-05-12 01:27:57,092 DEBUG [main] o.h.e.j.s.SqlStatementLogger: 
    insert 
    into
        courses
        (active, code, created_at, description, modified_at, name, teacher_id, version) 
    values
        (?, ?, ?, ?, ?, ?, ?, ?)
2025-05-12 01:27:57,094 WARN  [main] o.h.e.j.s.SqlExceptionHelper: SQL Error: 0, SQLState: 23502
2025-05-12 01:27:57,094 ERROR [main] o.h.e.j.s.SqlExceptionHelper: ERROR: null value in column "code" of relation "courses" violates not-null constraint
  Detail: Failing row contains (21, 2025-05-12 01:27:57.09221, 2025-05-12 01:27:57.092216, 0, t, null, null, Test Course, null).
2025-05-12 01:27:57,104 DEBUG [main] o.h.e.j.s.SqlStatementLogger: 
    insert 
    into
        courses
        (active, code, created_at, description, modified_at, name, teacher_id, version) 
    values
        (?, ?, ?, ?, ?, ?, ?, ?)
2025-05-12 01:27:57,106 WARN  [main] o.h.e.j.s.SqlExceptionHelper: SQL Error: 0, SQLState: 23502
2025-05-12 01:27:57,106 ERROR [main] o.h.e.j.s.SqlExceptionHelper: ERROR: null value in column "code" of relation "courses" violates not-null constraint
  Detail: Failing row contains (22, 2025-05-12 01:27:57.103412, 2025-05-12 01:27:57.103431, 0, t, null, null, Test Course, null).
2025-05-12 01:27:57,116 DEBUG [main] o.h.e.j.s.SqlStatementLogger: 
    insert 
    into
        courses
        (active, code, created_at, description, modified_at, name, teacher_id, version) 
    values
        (?, ?, ?, ?, ?, ?, ?, ?)
2025-05-12 01:27:57,118 WARN  [main] o.h.e.j.s.SqlExceptionHelper: SQL Error: 0, SQLState: 23502
2025-05-12 01:27:57,119 ERROR [main] o.h.e.j.s.SqlExceptionHelper: ERROR: null value in column "code" of relation "courses" violates not-null constraint
  Detail: Failing row contains (23, 2025-05-12 01:27:57.116274, 2025-05-12 01:27:57.116278, 0, t, null, null, Test Course, null).
2025-05-12 01:27:57,130 DEBUG [main] o.h.e.j.s.SqlStatementLogger: 
    insert 
    into
        courses
        (active, code, created_at, description, modified_at, name, teacher_id, version) 
    values
        (?, ?, ?, ?, ?, ?, ?, ?)
2025-05-12 01:27:57,132 WARN  [main] o.h.e.j.s.SqlExceptionHelper: SQL Error: 0, SQLState: 23502
2025-05-12 01:27:57,132 ERROR [main] o.h.e.j.s.SqlExceptionHelper: ERROR: null value in column "code" of relation "courses" violates not-null constraint
  Detail: Failing row contains (24, 2025-05-12 01:27:57.129835, 2025-05-12 01:27:57.12984, 0, t, null, null, Test Course, null).
2025-05-12 01:27:57,516 DEBUG [SpringApplicationShutdownHook] o.s.c.s.AbstractApplicationContext: Closing org.springframework.web.context.support.GenericWebApplicationContext@632c3f55, started on Mon May 12 01:27:51 CAT 2025
2025-05-12 01:27:57,525 INFO  [SpringApplicationShutdownHook] o.s.o.j.AbstractEntityManagerFactoryBean: Closing JPA EntityManagerFactory for persistence unit 'default'
2025-05-12 01:27:57,528 WARN  [SpringApplicationShutdownHook] o.h.c.s.AbstractRegionFactory: HHH90001002: Attempt to restop an already stopped JCacheRegionFactory.
2025-05-12 01:27:57,530 INFO  [SpringApplicationShutdownHook] c.z.h.HikariDataSource: ThutoLMSHikariPool - Shutdown initiated...
2025-05-12 01:27:57,533 INFO  [SpringApplicationShutdownHook] c.z.h.HikariDataSource: ThutoLMSHikariPool - Shutdown completed.
2025-05-12 01:29:26,591 INFO  [background-preinit] o.h.v.i.u.Version: HV000001: Hibernate Validator 8.0.1.Final
2025-05-12 01:29:26,627 INFO  [main] o.s.b.StartupInfoLogger: Starting ContentIntegrationTest using Java 17.0.14 with PID 208980 (started by obakengm in /home/obakengm/Personal/thutothebe/backend)
2025-05-12 01:29:26,628 DEBUG [main] o.s.b.StartupInfoLogger: Running with Spring Boot v3.2.3, Spring v6.1.4
2025-05-12 01:29:26,631 INFO  [main] o.s.b.SpringApplication: The following 1 profile is active: "test"
2025-05-12 01:29:26,660 DEBUG [main] o.s.c.s.AbstractApplicationContext: Refreshing org.springframework.web.context.support.GenericWebApplicationContext@5dfd31f4
2025-05-12 01:29:28,341 INFO  [main] o.s.d.r.c.RepositoryConfigurationDelegate: Bootstrapping Spring Data JPA repositories in DEFAULT mode.
2025-05-12 01:29:28,401 INFO  [main] o.s.d.r.c.RepositoryConfigurationDelegate: Finished Spring Data repository scanning in 53 ms. Found 5 JPA repository interfaces.
2025-05-12 01:29:28,828 INFO  [main] c.z.h.HikariDataSource: ThutoLMSHikariPool - Starting...
2025-05-12 01:29:29,027 INFO  [main] c.z.h.p.HikariPool: ThutoLMSHikariPool - Added connection org.postgresql.jdbc.PgConnection@2d2afc39
2025-05-12 01:29:29,030 INFO  [main] c.z.h.HikariDataSource: ThutoLMSHikariPool - Start completed.
2025-05-12 01:29:29,165 INFO  [main] o.f.c.i.l.s.Slf4jLog: Flyway Community Edition 9.22.3 by Redgate
2025-05-12 01:29:29,166 INFO  [main] o.f.c.i.l.s.Slf4jLog: See release notes here: https://rd.gt/416ObMi
2025-05-12 01:29:29,166 INFO  [main] o.f.c.i.l.s.Slf4jLog: 
2025-05-12 01:29:29,184 INFO  [main] o.f.c.i.l.s.Slf4jLog: Database: jdbc:postgresql://localhost:5432/thutothebe (PostgreSQL 13.20)
2025-05-12 01:29:29,219 INFO  [main] o.f.c.i.l.s.Slf4jLog: Successfully validated 0 migrations (execution time 00:00.013s)
2025-05-12 01:29:29,219 WARN  [main] o.f.c.i.l.s.Slf4jLog: No migrations found. Are your locations set up correctly?
2025-05-12 01:29:29,236 INFO  [main] o.f.c.i.l.s.Slf4jLog: Current version of schema "public": << Empty Schema >>
2025-05-12 01:29:29,240 INFO  [main] o.f.c.i.l.s.Slf4jLog: Schema "public" is up to date. No migration necessary.
2025-05-12 01:29:29,316 INFO  [main] o.h.j.i.u.LogHelper: HHH000204: Processing PersistenceUnitInfo [name: default]
2025-05-12 01:29:29,362 INFO  [main] o.h.Version: HHH000412: Hibernate ORM core version 6.4.4.Final
2025-05-12 01:29:29,394 INFO  [main] o.h.c.i.RegionFactoryInitiator: HHH000025: Second-level cache region factory [org.hibernate.cache.jcache.internal.JCacheRegionFactory]
2025-05-12 01:29:29,492 INFO  [main] o.s.o.j.p.SpringPersistenceUnitInfo: No LoadTimeWeaver setup: ignoring JPA class transformer
2025-05-12 01:29:29,532 WARN  [main] o.h.e.j.d.i.DialectFactoryImpl: HHH90000025: PostgreSQLDialect does not need to be specified explicitly using 'hibernate.dialect' (remove the property setting and it will be selected by default)
2025-05-12 01:29:30,316 INFO  [main] o.h.e.t.j.p.i.JtaPlatformInitiator: HHH000489: No JTA platform available (set 'hibernate.transaction.jta.platform' to enable JTA platform integration)
2025-05-12 01:29:30,410 INFO  [main] o.s.o.j.AbstractEntityManagerFactoryBean: Initialized JPA EntityManagerFactory for persistence unit 'default'
2025-05-12 01:29:30,746 INFO  [main] o.s.d.j.r.q.QueryEnhancerFactory: Hibernate is in classpath; If applicable, HQL parser will be used.
2025-05-12 01:29:31,484 WARN  [main] o.s.b.a.o.j.JpaBaseConfiguration$JpaWebConfiguration: spring.jpa.open-in-view is enabled by default. Therefore, database queries may be performed during view rendering. Explicitly configure spring.jpa.open-in-view to disable this warning
2025-05-12 01:29:31,504 WARN  [main] o.s.b.a.s.s.UserDetailsServiceAutoConfiguration: 

Using generated security password: 7c8f034f-8acb-4c51-acae-a1375e64180c

This generated password is for development use only. Your security configuration must be updated before running your application in production.

2025-05-12 01:29:31,656 DEBUG [main] o.s.w.s.h.AbstractHandlerMethodMapping: 55 mappings in 'requestMappingHandlerMapping'
2025-05-12 01:29:31,777 DEBUG [main] o.s.w.s.h.SimpleUrlHandlerMapping: Patterns [/webjars/**, /**, /swagger-ui*/*swagger-initializer.js, /swagger-ui*/**] in 'resourceHandlerMapping'
2025-05-12 01:29:31,816 INFO  [main] o.s.s.w.DefaultSecurityFilterChain: Will secure any request with [org.springframework.security.web.session.DisableEncodeUrlFilter@67e9d8cb, org.springframework.security.web.context.request.async.WebAsyncManagerIntegrationFilter@63ff69e0, org.springframework.security.web.context.SecurityContextHolderFilter@52ac7989, org.springframework.security.web.header.HeaderWriterFilter@26d443e3, org.springframework.web.filter.CorsFilter@41d9b9de, org.springframework.security.web.authentication.logout.LogoutFilter@2604e76, org.springframework.security.web.savedrequest.RequestCacheAwareFilter@1b7f7b6e, org.springframework.security.web.servletapi.SecurityContextHolderAwareRequestFilter@6a65daed, org.springframework.security.web.authentication.AnonymousAuthenticationFilter@369bd5ca, org.springframework.security.web.session.SessionManagementFilter@7d4a95d4, org.springframework.security.web.access.ExceptionTranslationFilter@70fd1f5c, org.springframework.security.web.access.intercept.AuthorizationFilter@22801099]
2025-05-12 01:29:31,977 DEBUG [main] o.s.w.s.m.m.a.RequestMappingHandlerAdapter: ControllerAdvice beans: 0 @ModelAttribute, 0 @InitBinder, 1 RequestBodyAdvice, 1 ResponseBodyAdvice
2025-05-12 01:29:32,008 DEBUG [main] o.s.w.s.m.m.a.ExceptionHandlerExceptionResolver: ControllerAdvice beans: 1 @ExceptionHandler, 1 ResponseBodyAdvice
2025-05-12 01:29:32,038 WARN  [main] o.s.b.a.t.ThymeleafAutoConfiguration$DefaultTemplateResolverConfiguration: Cannot find template location: classpath:/templates/ (please add some templates, check your Thymeleaf configuration, or set spring.thymeleaf.check-template-location=false)
2025-05-12 01:29:32,225 DEBUG [main] o.s.w.f.GenericFilterBean: Filter 'securityDebugFilter' configured for use
2025-05-12 01:29:32,226 INFO  [main] o.s.m.w.MockServletContext: Initializing Spring TestDispatcherServlet ''
2025-05-12 01:29:32,227 INFO  [main] o.s.w.s.FrameworkServlet: Initializing Servlet ''
2025-05-12 01:29:32,228 INFO  [main] o.s.w.s.FrameworkServlet: Completed initialization in 1 ms
2025-05-12 01:29:32,256 INFO  [main] o.s.b.StartupInfoLogger: Started ContentIntegrationTest in 6.099 seconds (process running for 9.086)
2025-05-12 01:29:32,341 DEBUG [main] o.h.e.j.s.SqlStatementLogger: 
    insert 
    into
        courses
        (active, code, created_at, description, modified_at, name, teacher_id, version) 
    values
        (?, ?, ?, ?, ?, ?, ?, ?)
2025-05-12 01:29:32,349 WARN  [main] o.h.e.j.s.SqlExceptionHelper: SQL Error: 0, SQLState: 23502
2025-05-12 01:29:32,349 ERROR [main] o.h.e.j.s.SqlExceptionHelper: ERROR: null value in column "teacher_id" of relation "courses" violates not-null constraint
  Detail: Failing row contains (25, 2025-05-12 01:29:32.313128, 2025-05-12 01:29:32.313147, 0, t, TEST101, Test Description, Test Course, null).
2025-05-12 01:29:32,369 DEBUG [main] o.h.e.j.s.SqlStatementLogger: 
    insert 
    into
        courses
        (active, code, created_at, description, modified_at, name, teacher_id, version) 
    values
        (?, ?, ?, ?, ?, ?, ?, ?)
2025-05-12 01:29:32,371 WARN  [main] o.h.e.j.s.SqlExceptionHelper: SQL Error: 0, SQLState: 23502
2025-05-12 01:29:32,371 ERROR [main] o.h.e.j.s.SqlExceptionHelper: ERROR: null value in column "teacher_id" of relation "courses" violates not-null constraint
  Detail: Failing row contains (26, 2025-05-12 01:29:32.369095, 2025-05-12 01:29:32.369102, 0, t, TEST101, Test Description, Test Course, null).
2025-05-12 01:29:32,379 DEBUG [main] o.h.e.j.s.SqlStatementLogger: 
    insert 
    into
        courses
        (active, code, created_at, description, modified_at, name, teacher_id, version) 
    values
        (?, ?, ?, ?, ?, ?, ?, ?)
2025-05-12 01:29:32,381 WARN  [main] o.h.e.j.s.SqlExceptionHelper: SQL Error: 0, SQLState: 23502
2025-05-12 01:29:32,382 ERROR [main] o.h.e.j.s.SqlExceptionHelper: ERROR: null value in column "teacher_id" of relation "courses" violates not-null constraint
  Detail: Failing row contains (27, 2025-05-12 01:29:32.379333, 2025-05-12 01:29:32.37934, 0, t, TEST101, Test Description, Test Course, null).
2025-05-12 01:29:32,391 DEBUG [main] o.h.e.j.s.SqlStatementLogger: 
    insert 
    into
        courses
        (active, code, created_at, description, modified_at, name, teacher_id, version) 
    values
        (?, ?, ?, ?, ?, ?, ?, ?)
2025-05-12 01:29:32,392 WARN  [main] o.h.e.j.s.SqlExceptionHelper: SQL Error: 0, SQLState: 23502
2025-05-12 01:29:32,392 ERROR [main] o.h.e.j.s.SqlExceptionHelper: ERROR: null value in column "teacher_id" of relation "courses" violates not-null constraint
  Detail: Failing row contains (28, 2025-05-12 01:29:32.390339, 2025-05-12 01:29:32.390345, 0, t, TEST101, Test Description, Test Course, null).
2025-05-12 01:29:32,401 DEBUG [main] o.h.e.j.s.SqlStatementLogger: 
    insert 
    into
        courses
        (active, code, created_at, description, modified_at, name, teacher_id, version) 
    values
        (?, ?, ?, ?, ?, ?, ?, ?)
2025-05-12 01:29:32,403 WARN  [main] o.h.e.j.s.SqlExceptionHelper: SQL Error: 0, SQLState: 23502
2025-05-12 01:29:32,403 ERROR [main] o.h.e.j.s.SqlExceptionHelper: ERROR: null value in column "teacher_id" of relation "courses" violates not-null constraint
  Detail: Failing row contains (29, 2025-05-12 01:29:32.400528, 2025-05-12 01:29:32.400541, 0, t, TEST101, Test Description, Test Course, null).
2025-05-12 01:29:32,411 DEBUG [main] o.h.e.j.s.SqlStatementLogger: 
    insert 
    into
        courses
        (active, code, created_at, description, modified_at, name, teacher_id, version) 
    values
        (?, ?, ?, ?, ?, ?, ?, ?)
2025-05-12 01:29:32,413 WARN  [main] o.h.e.j.s.SqlExceptionHelper: SQL Error: 0, SQLState: 23502
2025-05-12 01:29:32,414 ERROR [main] o.h.e.j.s.SqlExceptionHelper: ERROR: null value in column "teacher_id" of relation "courses" violates not-null constraint
  Detail: Failing row contains (30, 2025-05-12 01:29:32.411352, 2025-05-12 01:29:32.411358, 0, t, TEST101, Test Description, Test Course, null).
2025-05-12 01:29:32,425 DEBUG [main] o.h.e.j.s.SqlStatementLogger: 
    insert 
    into
        courses
        (active, code, created_at, description, modified_at, name, teacher_id, version) 
    values
        (?, ?, ?, ?, ?, ?, ?, ?)
2025-05-12 01:29:32,426 WARN  [main] o.h.e.j.s.SqlExceptionHelper: SQL Error: 0, SQLState: 23502
2025-05-12 01:29:32,427 ERROR [main] o.h.e.j.s.SqlExceptionHelper: ERROR: null value in column "teacher_id" of relation "courses" violates not-null constraint
  Detail: Failing row contains (31, 2025-05-12 01:29:32.424993, 2025-05-12 01:29:32.424997, 0, t, TEST101, Test Description, Test Course, null).
2025-05-12 01:29:32,435 DEBUG [main] o.h.e.j.s.SqlStatementLogger: 
    insert 
    into
        courses
        (active, code, created_at, description, modified_at, name, teacher_id, version) 
    values
        (?, ?, ?, ?, ?, ?, ?, ?)
2025-05-12 01:29:32,437 WARN  [main] o.h.e.j.s.SqlExceptionHelper: SQL Error: 0, SQLState: 23502
2025-05-12 01:29:32,437 ERROR [main] o.h.e.j.s.SqlExceptionHelper: ERROR: null value in column "teacher_id" of relation "courses" violates not-null constraint
  Detail: Failing row contains (32, 2025-05-12 01:29:32.435488, 2025-05-12 01:29:32.435492, 0, t, TEST101, Test Description, Test Course, null).
2025-05-12 01:29:32,465 DEBUG [SpringApplicationShutdownHook] o.s.c.s.AbstractApplicationContext: Closing org.springframework.web.context.support.GenericWebApplicationContext@5dfd31f4, started on Mon May 12 01:29:26 CAT 2025
2025-05-12 01:29:32,472 INFO  [SpringApplicationShutdownHook] o.s.o.j.AbstractEntityManagerFactoryBean: Closing JPA EntityManagerFactory for persistence unit 'default'
2025-05-12 01:29:32,474 WARN  [SpringApplicationShutdownHook] o.h.c.s.AbstractRegionFactory: HHH90001002: Attempt to restop an already stopped JCacheRegionFactory.
2025-05-12 01:29:32,475 INFO  [SpringApplicationShutdownHook] c.z.h.HikariDataSource: ThutoLMSHikariPool - Shutdown initiated...
2025-05-12 01:29:32,477 INFO  [SpringApplicationShutdownHook] c.z.h.HikariDataSource: ThutoLMSHikariPool - Shutdown completed.
2025-05-12 01:30:16,981 INFO  [background-preinit] o.h.v.i.u.Version: HV000001: Hibernate Validator 8.0.1.Final
2025-05-12 01:30:17,016 INFO  [main] o.s.b.StartupInfoLogger: Starting ContentIntegrationTest using Java 17.0.14 with PID 210114 (started by obakengm in /home/obakengm/Personal/thutothebe/backend)
2025-05-12 01:30:17,017 DEBUG [main] o.s.b.StartupInfoLogger: Running with Spring Boot v3.2.3, Spring v6.1.4
2025-05-12 01:30:17,019 INFO  [main] o.s.b.SpringApplication: The following 1 profile is active: "test"
2025-05-12 01:30:17,039 DEBUG [main] o.s.c.s.AbstractApplicationContext: Refreshing org.springframework.web.context.support.GenericWebApplicationContext@5dfd31f4
2025-05-12 01:30:18,015 INFO  [main] o.s.d.r.c.RepositoryConfigurationDelegate: Bootstrapping Spring Data JPA repositories in DEFAULT mode.
2025-05-12 01:30:18,101 INFO  [main] o.s.d.r.c.RepositoryConfigurationDelegate: Finished Spring Data repository scanning in 74 ms. Found 5 JPA repository interfaces.
2025-05-12 01:30:18,671 INFO  [main] c.z.h.HikariDataSource: ThutoLMSHikariPool - Starting...
2025-05-12 01:30:18,851 INFO  [main] c.z.h.p.HikariPool: ThutoLMSHikariPool - Added connection org.postgresql.jdbc.PgConnection@aade5a2
2025-05-12 01:30:18,856 INFO  [main] c.z.h.HikariDataSource: ThutoLMSHikariPool - Start completed.
2025-05-12 01:30:18,954 INFO  [main] o.f.c.i.l.s.Slf4jLog: Flyway Community Edition 9.22.3 by Redgate
2025-05-12 01:30:18,955 INFO  [main] o.f.c.i.l.s.Slf4jLog: See release notes here: https://rd.gt/416ObMi
2025-05-12 01:30:18,956 INFO  [main] o.f.c.i.l.s.Slf4jLog: 
2025-05-12 01:30:18,975 INFO  [main] o.f.c.i.l.s.Slf4jLog: Database: jdbc:postgresql://localhost:5432/thutothebe (PostgreSQL 13.20)
2025-05-12 01:30:19,010 INFO  [main] o.f.c.i.l.s.Slf4jLog: Successfully validated 0 migrations (execution time 00:00.014s)
2025-05-12 01:30:19,010 WARN  [main] o.f.c.i.l.s.Slf4jLog: No migrations found. Are your locations set up correctly?
2025-05-12 01:30:19,029 INFO  [main] o.f.c.i.l.s.Slf4jLog: Current version of schema "public": << Empty Schema >>
2025-05-12 01:30:19,032 INFO  [main] o.f.c.i.l.s.Slf4jLog: Schema "public" is up to date. No migration necessary.
2025-05-12 01:30:19,156 INFO  [main] o.h.j.i.u.LogHelper: HHH000204: Processing PersistenceUnitInfo [name: default]
2025-05-12 01:30:19,216 INFO  [main] o.h.Version: HHH000412: Hibernate ORM core version 6.4.4.Final
2025-05-12 01:30:19,258 INFO  [main] o.h.c.i.RegionFactoryInitiator: HHH000025: Second-level cache region factory [org.hibernate.cache.jcache.internal.JCacheRegionFactory]
2025-05-12 01:30:19,397 INFO  [main] o.s.o.j.p.SpringPersistenceUnitInfo: No LoadTimeWeaver setup: ignoring JPA class transformer
2025-05-12 01:30:19,477 WARN  [main] o.h.e.j.d.i.DialectFactoryImpl: HHH90000025: PostgreSQLDialect does not need to be specified explicitly using 'hibernate.dialect' (remove the property setting and it will be selected by default)
2025-05-12 01:30:20,520 INFO  [main] o.h.e.t.j.p.i.JtaPlatformInitiator: HHH000489: No JTA platform available (set 'hibernate.transaction.jta.platform' to enable JTA platform integration)
2025-05-12 01:30:20,647 INFO  [main] o.s.o.j.AbstractEntityManagerFactoryBean: Initialized JPA EntityManagerFactory for persistence unit 'default'
2025-05-12 01:30:21,076 INFO  [main] o.s.d.j.r.q.QueryEnhancerFactory: Hibernate is in classpath; If applicable, HQL parser will be used.
2025-05-12 01:30:22,015 WARN  [main] o.s.b.a.o.j.JpaBaseConfiguration$JpaWebConfiguration: spring.jpa.open-in-view is enabled by default. Therefore, database queries may be performed during view rendering. Explicitly configure spring.jpa.open-in-view to disable this warning
2025-05-12 01:30:22,044 WARN  [main] o.s.b.a.s.s.UserDetailsServiceAutoConfiguration: 

Using generated security password: e1e13fcf-9c9e-4ee9-9c83-48a51983db8c

This generated password is for development use only. Your security configuration must be updated before running your application in production.

2025-05-12 01:30:22,257 DEBUG [main] o.s.w.s.h.AbstractHandlerMethodMapping: 55 mappings in 'requestMappingHandlerMapping'
2025-05-12 01:30:22,395 DEBUG [main] o.s.w.s.h.SimpleUrlHandlerMapping: Patterns [/webjars/**, /**, /swagger-ui*/*swagger-initializer.js, /swagger-ui*/**] in 'resourceHandlerMapping'
2025-05-12 01:30:22,438 INFO  [main] o.s.s.w.DefaultSecurityFilterChain: Will secure any request with [org.springframework.security.web.session.DisableEncodeUrlFilter@17f856a3, org.springframework.security.web.context.request.async.WebAsyncManagerIntegrationFilter@3dd6a612, org.springframework.security.web.context.SecurityContextHolderFilter@767bcf4d, org.springframework.security.web.header.HeaderWriterFilter@756837b8, org.springframework.web.filter.CorsFilter@41c6fd41, org.springframework.security.web.authentication.logout.LogoutFilter@7e58471, org.springframework.security.web.savedrequest.RequestCacheAwareFilter@332cf8ba, org.springframework.security.web.servletapi.SecurityContextHolderAwareRequestFilter@3a848bb1, org.springframework.security.web.authentication.AnonymousAuthenticationFilter@38071cdb, org.springframework.security.web.session.SessionManagementFilter@2db2b708, org.springframework.security.web.access.ExceptionTranslationFilter@d34c3be, org.springframework.security.web.access.intercept.AuthorizationFilter@baee849]
2025-05-12 01:30:22,644 DEBUG [main] o.s.w.s.m.m.a.RequestMappingHandlerAdapter: ControllerAdvice beans: 0 @ModelAttribute, 0 @InitBinder, 1 RequestBodyAdvice, 1 ResponseBodyAdvice
2025-05-12 01:30:22,682 DEBUG [main] o.s.w.s.m.m.a.ExceptionHandlerExceptionResolver: ControllerAdvice beans: 1 @ExceptionHandler, 1 ResponseBodyAdvice
2025-05-12 01:30:22,744 WARN  [main] o.s.b.a.t.ThymeleafAutoConfiguration$DefaultTemplateResolverConfiguration: Cannot find template location: classpath:/templates/ (please add some templates, check your Thymeleaf configuration, or set spring.thymeleaf.check-template-location=false)
2025-05-12 01:30:22,984 DEBUG [main] o.s.w.f.GenericFilterBean: Filter 'securityDebugFilter' configured for use
2025-05-12 01:30:22,988 INFO  [main] o.s.m.w.MockServletContext: Initializing Spring TestDispatcherServlet ''
2025-05-12 01:30:22,989 INFO  [main] o.s.w.s.FrameworkServlet: Initializing Servlet ''
2025-05-12 01:30:22,991 INFO  [main] o.s.w.s.FrameworkServlet: Completed initialization in 1 ms
2025-05-12 01:30:23,030 INFO  [main] o.s.b.StartupInfoLogger: Started ContentIntegrationTest in 6.517 seconds (process running for 11.909)
2025-05-12 01:30:23,267 DEBUG [SpringApplicationShutdownHook] o.s.c.s.AbstractApplicationContext: Closing org.springframework.web.context.support.GenericWebApplicationContext@5dfd31f4, started on Mon May 12 01:30:17 CAT 2025
2025-05-12 01:30:23,277 INFO  [SpringApplicationShutdownHook] o.s.o.j.AbstractEntityManagerFactoryBean: Closing JPA EntityManagerFactory for persistence unit 'default'
2025-05-12 01:30:23,279 WARN  [SpringApplicationShutdownHook] o.h.c.s.AbstractRegionFactory: HHH90001002: Attempt to restop an already stopped JCacheRegionFactory.
2025-05-12 01:30:23,281 INFO  [SpringApplicationShutdownHook] c.z.h.HikariDataSource: ThutoLMSHikariPool - Shutdown initiated...
2025-05-12 01:30:23,286 INFO  [SpringApplicationShutdownHook] c.z.h.HikariDataSource: ThutoLMSHikariPool - Shutdown completed.
2025-05-12 01:32:32,235 INFO  [background-preinit] o.h.v.i.u.Version: HV000001: Hibernate Validator 8.0.1.Final
2025-05-12 01:32:32,276 INFO  [main] o.s.b.StartupInfoLogger: Starting ContentIntegrationTest using Java 17.0.14 with PID 213168 (started by obakengm in /home/obakengm/Personal/thutothebe/backend)
2025-05-12 01:32:32,277 DEBUG [main] o.s.b.StartupInfoLogger: Running with Spring Boot v3.2.3, Spring v6.1.4
2025-05-12 01:32:32,278 INFO  [main] o.s.b.SpringApplication: The following 1 profile is active: "test"
2025-05-12 01:32:32,297 DEBUG [main] o.s.c.s.AbstractApplicationContext: Refreshing org.springframework.web.context.support.GenericWebApplicationContext@31b6b0c7
2025-05-12 01:32:32,981 INFO  [main] o.s.d.r.c.RepositoryConfigurationDelegate: Bootstrapping Spring Data JPA repositories in DEFAULT mode.
2025-05-12 01:32:33,033 INFO  [main] o.s.d.r.c.RepositoryConfigurationDelegate: Finished Spring Data repository scanning in 46 ms. Found 5 JPA repository interfaces.
2025-05-12 01:32:33,503 INFO  [main] c.z.h.HikariDataSource: ThutoLMSHikariPool - Starting...
2025-05-12 01:32:33,649 INFO  [main] c.z.h.p.HikariPool: ThutoLMSHikariPool - Added connection org.postgresql.jdbc.PgConnection@47d7e4b6
2025-05-12 01:32:33,651 INFO  [main] c.z.h.HikariDataSource: ThutoLMSHikariPool - Start completed.
2025-05-12 01:32:33,714 INFO  [main] o.f.c.i.l.s.Slf4jLog: Flyway Community Edition 9.22.3 by Redgate
2025-05-12 01:32:33,715 INFO  [main] o.f.c.i.l.s.Slf4jLog: See release notes here: https://rd.gt/416ObMi
2025-05-12 01:32:33,715 INFO  [main] o.f.c.i.l.s.Slf4jLog: 
2025-05-12 01:32:33,725 INFO  [main] o.f.c.i.l.s.Slf4jLog: Database: jdbc:postgresql://localhost:5432/thutothebe (PostgreSQL 13.20)
2025-05-12 01:32:33,746 INFO  [main] o.f.c.i.l.s.Slf4jLog: Successfully validated 0 migrations (execution time 00:00.008s)
2025-05-12 01:32:33,747 WARN  [main] o.f.c.i.l.s.Slf4jLog: No migrations found. Are your locations set up correctly?
2025-05-12 01:32:33,789 INFO  [main] o.f.c.i.l.s.Slf4jLog: Current version of schema "public": << Empty Schema >>
2025-05-12 01:32:33,791 INFO  [main] o.f.c.i.l.s.Slf4jLog: Schema "public" is up to date. No migration necessary.
2025-05-12 01:32:33,867 INFO  [main] o.h.j.i.u.LogHelper: HHH000204: Processing PersistenceUnitInfo [name: default]
2025-05-12 01:32:33,911 INFO  [main] o.h.Version: HHH000412: Hibernate ORM core version 6.4.4.Final
2025-05-12 01:32:33,943 INFO  [main] o.h.c.i.RegionFactoryInitiator: HHH000025: Second-level cache region factory [org.hibernate.cache.jcache.internal.JCacheRegionFactory]
2025-05-12 01:32:34,029 INFO  [main] o.s.o.j.p.SpringPersistenceUnitInfo: No LoadTimeWeaver setup: ignoring JPA class transformer
2025-05-12 01:32:34,079 WARN  [main] o.h.e.j.d.i.DialectFactoryImpl: HHH90000025: PostgreSQLDialect does not need to be specified explicitly using 'hibernate.dialect' (remove the property setting and it will be selected by default)
2025-05-12 01:32:34,839 INFO  [main] o.h.e.t.j.p.i.JtaPlatformInitiator: HHH000489: No JTA platform available (set 'hibernate.transaction.jta.platform' to enable JTA platform integration)
2025-05-12 01:32:34,938 INFO  [main] o.s.o.j.AbstractEntityManagerFactoryBean: Initialized JPA EntityManagerFactory for persistence unit 'default'
2025-05-12 01:32:35,217 INFO  [main] o.s.d.j.r.q.QueryEnhancerFactory: Hibernate is in classpath; If applicable, HQL parser will be used.
2025-05-12 01:32:35,893 WARN  [main] o.s.b.a.o.j.JpaBaseConfiguration$JpaWebConfiguration: spring.jpa.open-in-view is enabled by default. Therefore, database queries may be performed during view rendering. Explicitly configure spring.jpa.open-in-view to disable this warning
2025-05-12 01:32:35,917 WARN  [main] o.s.b.a.s.s.UserDetailsServiceAutoConfiguration: 

Using generated security password: 87a5d795-66ff-4537-bb74-8e32c29ede9a

This generated password is for development use only. Your security configuration must be updated before running your application in production.

2025-05-12 01:32:36,094 DEBUG [main] o.s.w.s.h.AbstractHandlerMethodMapping: 55 mappings in 'requestMappingHandlerMapping'
2025-05-12 01:32:36,193 DEBUG [main] o.s.w.s.h.SimpleUrlHandlerMapping: Patterns [/webjars/**, /**, /swagger-ui*/*swagger-initializer.js, /swagger-ui*/**] in 'resourceHandlerMapping'
2025-05-12 01:32:36,241 INFO  [main] o.s.s.w.DefaultSecurityFilterChain: Will secure any request with [org.springframework.security.web.session.DisableEncodeUrlFilter@482f59f4, org.springframework.security.web.context.request.async.WebAsyncManagerIntegrationFilter@3f2fd933, org.springframework.security.web.context.SecurityContextHolderFilter@7c654cfc, org.springframework.security.web.header.HeaderWriterFilter@7316742f, org.springframework.web.filter.CorsFilter@6c430548, org.springframework.security.web.authentication.logout.LogoutFilter@3330bdd1, org.springframework.security.web.savedrequest.RequestCacheAwareFilter@29fccabd, org.springframework.security.web.servletapi.SecurityContextHolderAwareRequestFilter@2d7d92a7, org.springframework.security.web.authentication.AnonymousAuthenticationFilter@48a5ef5c, org.springframework.security.web.session.SessionManagementFilter@1368a7d9, org.springframework.security.web.access.ExceptionTranslationFilter@5209c486, org.springframework.security.web.access.intercept.AuthorizationFilter@47861e3c]
2025-05-12 01:32:36,404 DEBUG [main] o.s.w.s.m.m.a.RequestMappingHandlerAdapter: ControllerAdvice beans: 0 @ModelAttribute, 0 @InitBinder, 1 RequestBodyAdvice, 1 ResponseBodyAdvice
2025-05-12 01:32:36,435 DEBUG [main] o.s.w.s.m.m.a.ExceptionHandlerExceptionResolver: ControllerAdvice beans: 1 @ExceptionHandler, 1 ResponseBodyAdvice
2025-05-12 01:32:36,465 WARN  [main] o.s.b.a.t.ThymeleafAutoConfiguration$DefaultTemplateResolverConfiguration: Cannot find template location: classpath:/templates/ (please add some templates, check your Thymeleaf configuration, or set spring.thymeleaf.check-template-location=false)
2025-05-12 01:32:36,699 DEBUG [main] o.s.w.f.GenericFilterBean: Filter 'securityDebugFilter' configured for use
2025-05-12 01:32:36,701 INFO  [main] o.s.m.w.MockServletContext: Initializing Spring TestDispatcherServlet ''
2025-05-12 01:32:36,701 INFO  [main] o.s.w.s.FrameworkServlet: Initializing Servlet ''
2025-05-12 01:32:36,703 INFO  [main] o.s.w.s.FrameworkServlet: Completed initialization in 2 ms
2025-05-12 01:32:36,778 INFO  [main] o.s.b.StartupInfoLogger: Started ContentIntegrationTest in 4.855 seconds (process running for 8.238)
2025-05-12 01:32:36,931 DEBUG [main] o.h.e.j.s.SqlStatementLogger: 
    insert 
    into
        users
        (active, created_at, email, first_name, last_name, modified_at, password, role, updated_at, username, version) 
    values
        (?, ?, ?, ?, ?, ?, ?, ?, ?, ?, ?)
2025-05-12 01:32:36,954 DEBUG [main] o.h.e.j.s.SqlStatementLogger: 
    insert 
    into
        courses
        (active, code, created_at, description, modified_at, name, teacher_id, version) 
    values
        (?, ?, ?, ?, ?, ?, ?, ?)
2025-05-12 01:32:36,958 DEBUG [main] o.h.e.j.s.SqlStatementLogger: 
    insert 
    into
        users
        (active, created_at, email, first_name, last_name, modified_at, password, role, updated_at, username, version) 
    values
        (?, ?, ?, ?, ?, ?, ?, ?, ?, ?, ?)
2025-05-12 01:32:36,998 DEBUG [main] o.s.s.w.FilterChainProxy: Securing POST /content
2025-05-12 01:32:37,005 DEBUG [main] o.s.s.w.a.AnonymousAuthenticationFilter: Set SecurityContextHolder to anonymous SecurityContext
2025-05-12 01:32:37,007 DEBUG [main] o.s.s.w.a.Http403ForbiddenEntryPoint: Pre-authenticated entry point called. Rejecting access
2025-05-12 01:32:37,028 DEBUG [main] o.h.e.j.s.SqlStatementLogger: 
    insert 
    into
        users
        (active, created_at, email, first_name, last_name, modified_at, password, role, updated_at, username, version) 
    values
        (?, ?, ?, ?, ?, ?, ?, ?, ?, ?, ?)
2025-05-12 01:32:37,031 DEBUG [main] o.h.e.j.s.SqlStatementLogger: 
    insert 
    into
        courses
        (active, code, created_at, description, modified_at, name, teacher_id, version) 
    values
        (?, ?, ?, ?, ?, ?, ?, ?)
2025-05-12 01:32:37,034 DEBUG [main] o.h.e.j.s.SqlStatementLogger: 
    insert 
    into
        users
        (active, created_at, email, first_name, last_name, modified_at, password, role, updated_at, username, version) 
    values
        (?, ?, ?, ?, ?, ?, ?, ?, ?, ?, ?)
2025-05-12 01:32:37,036 DEBUG [main] o.s.s.w.FilterChainProxy: Securing POST /content
2025-05-12 01:32:37,037 DEBUG [main] o.s.s.w.a.AnonymousAuthenticationFilter: Set SecurityContextHolder to anonymous SecurityContext
2025-05-12 01:32:37,037 DEBUG [main] o.s.s.w.a.Http403ForbiddenEntryPoint: Pre-authenticated entry point called. Rejecting access
2025-05-12 01:32:37,047 DEBUG [main] o.h.e.j.s.SqlStatementLogger: 
    insert 
    into
        users
        (active, created_at, email, first_name, last_name, modified_at, password, role, updated_at, username, version) 
    values
        (?, ?, ?, ?, ?, ?, ?, ?, ?, ?, ?)
2025-05-12 01:32:37,050 DEBUG [main] o.h.e.j.s.SqlStatementLogger: 
    insert 
    into
        courses
        (active, code, created_at, description, modified_at, name, teacher_id, version) 
    values
        (?, ?, ?, ?, ?, ?, ?, ?)
2025-05-12 01:32:37,052 DEBUG [main] o.h.e.j.s.SqlStatementLogger: 
    insert 
    into
        users
        (active, created_at, email, first_name, last_name, modified_at, password, role, updated_at, username, version) 
    values
        (?, ?, ?, ?, ?, ?, ?, ?, ?, ?, ?)
2025-05-12 01:32:37,055 DEBUG [main] o.s.s.w.FilterChainProxy: Securing POST /content
2025-05-12 01:32:37,055 DEBUG [main] o.s.s.w.a.AnonymousAuthenticationFilter: Set SecurityContextHolder to anonymous SecurityContext
2025-05-12 01:32:37,055 DEBUG [main] o.s.s.w.a.Http403ForbiddenEntryPoint: Pre-authenticated entry point called. Rejecting access
2025-05-12 01:32:37,066 DEBUG [main] o.h.e.j.s.SqlStatementLogger: 
    insert 
    into
        users
        (active, created_at, email, first_name, last_name, modified_at, password, role, updated_at, username, version) 
    values
        (?, ?, ?, ?, ?, ?, ?, ?, ?, ?, ?)
2025-05-12 01:32:37,068 DEBUG [main] o.h.e.j.s.SqlStatementLogger: 
    insert 
    into
        courses
        (active, code, created_at, description, modified_at, name, teacher_id, version) 
    values
        (?, ?, ?, ?, ?, ?, ?, ?)
2025-05-12 01:32:37,070 DEBUG [main] o.h.e.j.s.SqlStatementLogger: 
    insert 
    into
        users
        (active, created_at, email, first_name, last_name, modified_at, password, role, updated_at, username, version) 
    values
        (?, ?, ?, ?, ?, ?, ?, ?, ?, ?, ?)
2025-05-12 01:32:37,072 DEBUG [main] o.s.s.w.FilterChainProxy: Securing POST /content
2025-05-12 01:32:37,073 DEBUG [main] o.s.s.w.a.AnonymousAuthenticationFilter: Set SecurityContextHolder to anonymous SecurityContext
2025-05-12 01:32:37,073 DEBUG [main] o.s.s.w.a.Http403ForbiddenEntryPoint: Pre-authenticated entry point called. Rejecting access
2025-05-12 01:32:37,083 DEBUG [main] o.h.e.j.s.SqlStatementLogger: 
    insert 
    into
        users
        (active, created_at, email, first_name, last_name, modified_at, password, role, updated_at, username, version) 
    values
        (?, ?, ?, ?, ?, ?, ?, ?, ?, ?, ?)
2025-05-12 01:32:37,085 DEBUG [main] o.h.e.j.s.SqlStatementLogger: 
    insert 
    into
        courses
        (active, code, created_at, description, modified_at, name, teacher_id, version) 
    values
        (?, ?, ?, ?, ?, ?, ?, ?)
2025-05-12 01:32:37,087 DEBUG [main] o.h.e.j.s.SqlStatementLogger: 
    insert 
    into
        users
        (active, created_at, email, first_name, last_name, modified_at, password, role, updated_at, username, version) 
    values
        (?, ?, ?, ?, ?, ?, ?, ?, ?, ?, ?)
2025-05-12 01:32:37,089 DEBUG [main] o.s.s.w.FilterChainProxy: Securing POST /content
2025-05-12 01:32:37,090 DEBUG [main] o.s.s.w.a.AnonymousAuthenticationFilter: Set SecurityContextHolder to anonymous SecurityContext
2025-05-12 01:32:37,090 DEBUG [main] o.s.s.w.a.Http403ForbiddenEntryPoint: Pre-authenticated entry point called. Rejecting access
2025-05-12 01:32:37,099 DEBUG [main] o.h.e.j.s.SqlStatementLogger: 
    insert 
    into
        users
        (active, created_at, email, first_name, last_name, modified_at, password, role, updated_at, username, version) 
    values
        (?, ?, ?, ?, ?, ?, ?, ?, ?, ?, ?)
2025-05-12 01:32:37,101 DEBUG [main] o.h.e.j.s.SqlStatementLogger: 
    insert 
    into
        courses
        (active, code, created_at, description, modified_at, name, teacher_id, version) 
    values
        (?, ?, ?, ?, ?, ?, ?, ?)
2025-05-12 01:32:37,103 DEBUG [main] o.h.e.j.s.SqlStatementLogger: 
    insert 
    into
        users
        (active, created_at, email, first_name, last_name, modified_at, password, role, updated_at, username, version) 
    values
        (?, ?, ?, ?, ?, ?, ?, ?, ?, ?, ?)
2025-05-12 01:32:37,105 DEBUG [main] o.s.s.w.FilterChainProxy: Securing POST /content
2025-05-12 01:32:37,105 DEBUG [main] o.s.s.w.a.AnonymousAuthenticationFilter: Set SecurityContextHolder to anonymous SecurityContext
2025-05-12 01:32:37,106 DEBUG [main] o.s.s.w.a.Http403ForbiddenEntryPoint: Pre-authenticated entry point called. Rejecting access
2025-05-12 01:32:37,114 DEBUG [main] o.h.e.j.s.SqlStatementLogger: 
    insert 
    into
        users
        (active, created_at, email, first_name, last_name, modified_at, password, role, updated_at, username, version) 
    values
        (?, ?, ?, ?, ?, ?, ?, ?, ?, ?, ?)
2025-05-12 01:32:37,117 DEBUG [main] o.h.e.j.s.SqlStatementLogger: 
    insert 
    into
        courses
        (active, code, created_at, description, modified_at, name, teacher_id, version) 
    values
        (?, ?, ?, ?, ?, ?, ?, ?)
2025-05-12 01:32:37,120 DEBUG [main] o.h.e.j.s.SqlStatementLogger: 
    insert 
    into
        users
        (active, created_at, email, first_name, last_name, modified_at, password, role, updated_at, username, version) 
    values
        (?, ?, ?, ?, ?, ?, ?, ?, ?, ?, ?)
2025-05-12 01:32:37,122 DEBUG [main] o.s.s.w.FilterChainProxy: Securing POST /content
2025-05-12 01:32:37,122 DEBUG [main] o.s.s.w.a.AnonymousAuthenticationFilter: Set SecurityContextHolder to anonymous SecurityContext
2025-05-12 01:32:37,122 DEBUG [main] o.s.s.w.a.Http403ForbiddenEntryPoint: Pre-authenticated entry point called. Rejecting access
2025-05-12 01:32:37,130 DEBUG [main] o.h.e.j.s.SqlStatementLogger: 
    insert 
    into
        users
        (active, created_at, email, first_name, last_name, modified_at, password, role, updated_at, username, version) 
    values
        (?, ?, ?, ?, ?, ?, ?, ?, ?, ?, ?)
2025-05-12 01:32:37,132 DEBUG [main] o.h.e.j.s.SqlStatementLogger: 
    insert 
    into
        courses
        (active, code, created_at, description, modified_at, name, teacher_id, version) 
    values
        (?, ?, ?, ?, ?, ?, ?, ?)
2025-05-12 01:32:37,135 DEBUG [main] o.h.e.j.s.SqlStatementLogger: 
    insert 
    into
        users
        (active, created_at, email, first_name, last_name, modified_at, password, role, updated_at, username, version) 
    values
        (?, ?, ?, ?, ?, ?, ?, ?, ?, ?, ?)
2025-05-12 01:32:37,138 DEBUG [main] o.s.s.w.FilterChainProxy: Securing POST /content
2025-05-12 01:32:37,138 DEBUG [main] o.s.s.w.a.AnonymousAuthenticationFilter: Set SecurityContextHolder to anonymous SecurityContext
2025-05-12 01:32:37,139 DEBUG [main] o.s.s.w.a.Http403ForbiddenEntryPoint: Pre-authenticated entry point called. Rejecting access
2025-05-12 01:32:37,161 DEBUG [SpringApplicationShutdownHook] o.s.c.s.AbstractApplicationContext: Closing org.springframework.web.context.support.GenericWebApplicationContext@31b6b0c7, started on Mon May 12 01:32:32 CAT 2025
2025-05-12 01:32:37,169 INFO  [SpringApplicationShutdownHook] o.s.o.j.AbstractEntityManagerFactoryBean: Closing JPA EntityManagerFactory for persistence unit 'default'
2025-05-12 01:32:37,172 WARN  [SpringApplicationShutdownHook] o.h.c.s.AbstractRegionFactory: HHH90001002: Attempt to restop an already stopped JCacheRegionFactory.
2025-05-12 01:32:37,174 INFO  [SpringApplicationShutdownHook] c.z.h.HikariDataSource: ThutoLMSHikariPool - Shutdown initiated...
2025-05-12 01:32:37,177 INFO  [SpringApplicationShutdownHook] c.z.h.HikariDataSource: ThutoLMSHikariPool - Shutdown completed.
