2025-05-12 00:21:41,888 INFO  [background-preinit] o.h.v.i.u.Version: HV000001: Hibernate Validator 8.0.1.Final
2025-05-12 00:21:41,914 INFO  [main] o.s.b.StartupInfoLogger: Starting ThutoThebeApplication using Java 17.0.14 with PID 118106 (/home/obakengm/Personal/thutothebe/backend/target/classes started by obakengm in /home/obakengm/Personal/thutothebe)
2025-05-12 00:21:41,914 DEBUG [main] o.s.b.StartupInfoLogger: Running with Spring Boot v3.2.3, Spring v6.1.4
2025-05-12 00:21:41,915 INFO  [main] o.s.b.SpringApplication: No active profile set, falling back to 1 default profile: "default"
2025-05-12 00:21:42,650 INFO  [main] o.s.d.r.c.RepositoryConfigurationDelegate: Bootstrapping Spring Data JPA repositories in DEFAULT mode.
2025-05-12 00:21:42,711 INFO  [main] o.s.d.r.c.RepositoryConfigurationDelegate: Finished Spring Data repository scanning in 51 ms. Found 4 JPA repository interfaces.
2025-05-12 00:21:43,301 INFO  [main] o.s.b.w.e.t.TomcatWebServer: Tomcat initialized with port 8080 (http)
2025-05-12 00:21:43,308 INFO  [main] o.a.j.l.DirectJDKLog: Initializing ProtocolHandler ["http-nio-8080"]
2025-05-12 00:21:43,309 INFO  [main] o.a.j.l.DirectJDKLog: Starting service [Tomcat]
2025-05-12 00:21:43,310 INFO  [main] o.a.j.l.DirectJDKLog: Starting Servlet engine: [Apache Tomcat/10.1.19]
2025-05-12 00:21:43,343 INFO  [main] o.a.j.l.DirectJDKLog: Initializing Spring embedded WebApplicationContext
2025-05-12 00:21:43,344 INFO  [main] o.s.b.w.s.c.ServletWebServerApplicationContext: Root WebApplicationContext: initialization completed in 1399 ms
2025-05-12 00:21:43,380 DEBUG [main] o.s.w.f.GenericFilterBean: Filter 'securityDebugFilter' configured for use
2025-05-12 00:21:43,464 INFO  [main] c.z.h.HikariDataSource: ThutoLMSHikariPool - Starting...
2025-05-12 00:21:43,598 INFO  [main] c.z.h.p.HikariPool: ThutoLMSHikariPool - Added connection org.postgresql.jdbc.PgConnection@8077c97
2025-05-12 00:21:43,600 INFO  [main] c.z.h.HikariDataSource: ThutoLMSHikariPool - Start completed.
2025-05-12 00:21:43,668 INFO  [main] o.f.c.i.l.s.Slf4jLog: Flyway Community Edition 9.22.3 by Redgate
2025-05-12 00:21:43,668 INFO  [main] o.f.c.i.l.s.Slf4jLog: See release notes here: https://rd.gt/416ObMi
2025-05-12 00:21:43,668 INFO  [main] o.f.c.i.l.s.Slf4jLog: 
2025-05-12 00:21:43,675 INFO  [main] o.f.c.i.l.s.Slf4jLog: Database: jdbc:postgresql://localhost:5432/thutothebe (PostgreSQL 13.20)
2025-05-12 00:21:43,700 INFO  [main] o.f.c.i.l.s.Slf4jLog: Successfully validated 0 migrations (execution time 00:00.009s)
2025-05-12 00:21:43,700 WARN  [main] o.f.c.i.l.s.Slf4jLog: No migrations found. Are your locations set up correctly?
2025-05-12 00:21:43,722 INFO  [main] o.f.c.i.l.s.Slf4jLog: Current version of schema "public": << Empty Schema >>
2025-05-12 00:21:43,725 INFO  [main] o.f.c.i.l.s.Slf4jLog: Schema "public" is up to date. No migration necessary.
2025-05-12 00:21:43,781 INFO  [main] o.h.j.i.u.LogHelper: HHH000204: Processing PersistenceUnitInfo [name: default]
2025-05-12 00:21:43,828 INFO  [main] o.h.Version: HHH000412: Hibernate ORM core version 6.4.4.Final
2025-05-12 00:21:43,855 INFO  [main] o.h.c.i.RegionFactoryInitiator: HHH000025: Second-level cache region factory [org.hibernate.cache.jcache.internal.JCacheRegionFactory]
2025-05-12 00:21:43,992 INFO  [main] o.s.o.j.p.SpringPersistenceUnitInfo: No LoadTimeWeaver setup: ignoring JPA class transformer
2025-05-12 00:21:44,022 WARN  [main] o.h.e.j.d.i.DialectFactoryImpl: HHH90000025: PostgreSQLDialect does not need to be specified explicitly using 'hibernate.dialect' (remove the property setting and it will be selected by default)
2025-05-12 00:21:44,841 INFO  [main] o.h.e.t.j.p.i.JtaPlatformInitiator: HHH000489: No JTA platform available (set 'hibernate.transaction.jta.platform' to enable JTA platform integration)
2025-05-12 00:21:44,932 INFO  [main] o.s.o.j.AbstractEntityManagerFactoryBean: Initialized JPA EntityManagerFactory for persistence unit 'default'
2025-05-12 00:21:45,121 INFO  [main] o.s.d.j.r.q.QueryEnhancerFactory: Hibernate is in classpath; If applicable, HQL parser will be used.
2025-05-12 00:21:45,361 WARN  [main] o.s.c.s.AbstractApplicationContext: Exception encountered during context initialization - cancelling refresh attempt: org.springframework.beans.factory.UnsatisfiedDependencyException: Error creating bean with name 'assignmentController' defined in file [/home/obakengm/Personal/thutothebe/backend/target/classes/com/ohma/thutothebe/controller/AssignmentController.class]: Unsatisfied dependency expressed through constructor parameter 0: Error creating bean with name 'assignmentServiceImpl' defined in file [/home/obakengm/Personal/thutothebe/backend/target/classes/com/ohma/thutothebe/service/impl/AssignmentServiceImpl.class]: Unsatisfied dependency expressed through constructor parameter 2: Error creating bean with name 'courseServiceImpl' defined in file [/home/obakengm/Personal/thutothebe/backend/target/classes/com/ohma/thutothebe/service/impl/CourseServiceImpl.class]: Unsatisfied dependency expressed through constructor parameter 0: Error creating bean with name 'courseRepository' defined in com.ohma.thutothebe.repository.CourseRepository defined in @EnableJpaRepositories declared on JpaRepositoriesRegistrar.EnableJpaRepositoriesConfiguration: Could not create query for public abstract java.util.Optional com.ohma.thutothebe.repository.CourseRepository.findByIdWithEnrolledStudents(java.lang.Long); Reason: Validation failed for query for method public abstract java.util.Optional com.ohma.thutothebe.repository.CourseRepository.findByIdWithEnrolledStudents(java.lang.Long)
2025-05-12 00:21:45,361 INFO  [main] o.s.o.j.AbstractEntityManagerFactoryBean: Closing JPA EntityManagerFactory for persistence unit 'default'
2025-05-12 00:21:45,362 WARN  [main] o.h.c.s.AbstractRegionFactory: HHH90001002: Attempt to restop an already stopped JCacheRegionFactory.
2025-05-12 00:21:45,363 INFO  [main] c.z.h.HikariDataSource: ThutoLMSHikariPool - Shutdown initiated...
2025-05-12 00:21:45,365 INFO  [main] c.z.h.HikariDataSource: ThutoLMSHikariPool - Shutdown completed.
2025-05-12 00:21:45,366 INFO  [main] o.a.j.l.DirectJDKLog: Stopping service [Tomcat]
2025-05-12 00:21:45,375 INFO  [main] o.s.b.a.l.ConditionEvaluationReportLogger: 

Error starting ApplicationContext. To display the condition evaluation report re-run your application with 'debug' enabled.
2025-05-12 00:21:45,388 ERROR [main] o.s.b.SpringApplication: Application run failed
org.springframework.beans.factory.UnsatisfiedDependencyException: Error creating bean with name 'assignmentController' defined in file [/home/obakengm/Personal/thutothebe/backend/target/classes/com/ohma/thutothebe/controller/AssignmentController.class]: Unsatisfied dependency expressed through constructor parameter 0: Error creating bean with name 'assignmentServiceImpl' defined in file [/home/obakengm/Personal/thutothebe/backend/target/classes/com/ohma/thutothebe/service/impl/AssignmentServiceImpl.class]: Unsatisfied dependency expressed through constructor parameter 2: Error creating bean with name 'courseServiceImpl' defined in file [/home/obakengm/Personal/thutothebe/backend/target/classes/com/ohma/thutothebe/service/impl/CourseServiceImpl.class]: Unsatisfied dependency expressed through constructor parameter 0: Error creating bean with name 'courseRepository' defined in com.ohma.thutothebe.repository.CourseRepository defined in @EnableJpaRepositories declared on JpaRepositoriesRegistrar.EnableJpaRepositoriesConfiguration: Could not create query for public abstract java.util.Optional com.ohma.thutothebe.repository.CourseRepository.findByIdWithEnrolledStudents(java.lang.Long); Reason: Validation failed for query for method public abstract java.util.Optional com.ohma.thutothebe.repository.CourseRepository.findByIdWithEnrolledStudents(java.lang.Long)
	at org.springframework.beans.factory.support.ConstructorResolver.createArgumentArray(ConstructorResolver.java:798)
	at org.springframework.beans.factory.support.ConstructorResolver.autowireConstructor(ConstructorResolver.java:237)
	at org.springframework.beans.factory.support.AbstractAutowireCapableBeanFactory.autowireConstructor(AbstractAutowireCapableBeanFactory.java:1355)
	at org.springframework.beans.factory.support.AbstractAutowireCapableBeanFactory.createBeanInstance(AbstractAutowireCapableBeanFactory.java:1192)
	at org.springframework.beans.factory.support.AbstractAutowireCapableBeanFactory.doCreateBean(AbstractAutowireCapableBeanFactory.java:562)
	at org.springframework.beans.factory.support.AbstractAutowireCapableBeanFactory.createBean(AbstractAutowireCapableBeanFactory.java:522)
	at org.springframework.beans.factory.support.AbstractBeanFactory.lambda$doGetBean$0(AbstractBeanFactory.java:325)
	at org.springframework.beans.factory.support.DefaultSingletonBeanRegistry.getSingleton(DefaultSingletonBeanRegistry.java:234)
	at org.springframework.beans.factory.support.AbstractBeanFactory.doGetBean(AbstractBeanFactory.java:323)
	at org.springframework.beans.factory.support.AbstractBeanFactory.getBean(AbstractBeanFactory.java:199)
	at org.springframework.beans.factory.support.DefaultListableBeanFactory.preInstantiateSingletons(DefaultListableBeanFactory.java:975)
	at org.springframework.context.support.AbstractApplicationContext.finishBeanFactoryInitialization(AbstractApplicationContext.java:959)
	at org.springframework.context.support.AbstractApplicationContext.refresh(AbstractApplicationContext.java:624)
	at org.springframework.boot.web.servlet.context.ServletWebServerApplicationContext.refresh(ServletWebServerApplicationContext.java:146)
	at org.springframework.boot.SpringApplication.refresh(SpringApplication.java:754)
	at org.springframework.boot.SpringApplication.refreshContext(SpringApplication.java:456)
	at org.springframework.boot.SpringApplication.run(SpringApplication.java:334)
	at org.springframework.boot.SpringApplication.run(SpringApplication.java:1354)
	at org.springframework.boot.SpringApplication.run(SpringApplication.java:1343)
	at com.ohma.thutothebe.ThutoThebeApplication.main(ThutoThebeApplication.java:11)
Caused by: org.springframework.beans.factory.UnsatisfiedDependencyException: Error creating bean with name 'assignmentServiceImpl' defined in file [/home/obakengm/Personal/thutothebe/backend/target/classes/com/ohma/thutothebe/service/impl/AssignmentServiceImpl.class]: Unsatisfied dependency expressed through constructor parameter 2: Error creating bean with name 'courseServiceImpl' defined in file [/home/obakengm/Personal/thutothebe/backend/target/classes/com/ohma/thutothebe/service/impl/CourseServiceImpl.class]: Unsatisfied dependency expressed through constructor parameter 0: Error creating bean with name 'courseRepository' defined in com.ohma.thutothebe.repository.CourseRepository defined in @EnableJpaRepositories declared on JpaRepositoriesRegistrar.EnableJpaRepositoriesConfiguration: Could not create query for public abstract java.util.Optional com.ohma.thutothebe.repository.CourseRepository.findByIdWithEnrolledStudents(java.lang.Long); Reason: Validation failed for query for method public abstract java.util.Optional com.ohma.thutothebe.repository.CourseRepository.findByIdWithEnrolledStudents(java.lang.Long)
	at org.springframework.beans.factory.support.ConstructorResolver.createArgumentArray(ConstructorResolver.java:798)
	at org.springframework.beans.factory.support.ConstructorResolver.autowireConstructor(ConstructorResolver.java:237)
	at org.springframework.beans.factory.support.AbstractAutowireCapableBeanFactory.autowireConstructor(AbstractAutowireCapableBeanFactory.java:1355)
	at org.springframework.beans.factory.support.AbstractAutowireCapableBeanFactory.createBeanInstance(AbstractAutowireCapableBeanFactory.java:1192)
	at org.springframework.beans.factory.support.AbstractAutowireCapableBeanFactory.doCreateBean(AbstractAutowireCapableBeanFactory.java:562)
	at org.springframework.beans.factory.support.AbstractAutowireCapableBeanFactory.createBean(AbstractAutowireCapableBeanFactory.java:522)
	at org.springframework.beans.factory.support.AbstractBeanFactory.lambda$doGetBean$0(AbstractBeanFactory.java:325)
	at org.springframework.beans.factory.support.DefaultSingletonBeanRegistry.getSingleton(DefaultSingletonBeanRegistry.java:234)
	at org.springframework.beans.factory.support.AbstractBeanFactory.doGetBean(AbstractBeanFactory.java:323)
	at org.springframework.beans.factory.support.AbstractBeanFactory.getBean(AbstractBeanFactory.java:199)
	at org.springframework.beans.factory.config.DependencyDescriptor.resolveCandidate(DependencyDescriptor.java:254)
	at org.springframework.beans.factory.support.DefaultListableBeanFactory.doResolveDependency(DefaultListableBeanFactory.java:1443)
	at org.springframework.beans.factory.support.DefaultListableBeanFactory.resolveDependency(DefaultListableBeanFactory.java:1353)
	at org.springframework.beans.factory.support.ConstructorResolver.resolveAutowiredArgument(ConstructorResolver.java:907)
	at org.springframework.beans.factory.support.ConstructorResolver.createArgumentArray(ConstructorResolver.java:785)
	... 19 common frames omitted
Caused by: org.springframework.beans.factory.UnsatisfiedDependencyException: Error creating bean with name 'courseServiceImpl' defined in file [/home/obakengm/Personal/thutothebe/backend/target/classes/com/ohma/thutothebe/service/impl/CourseServiceImpl.class]: Unsatisfied dependency expressed through constructor parameter 0: Error creating bean with name 'courseRepository' defined in com.ohma.thutothebe.repository.CourseRepository defined in @EnableJpaRepositories declared on JpaRepositoriesRegistrar.EnableJpaRepositoriesConfiguration: Could not create query for public abstract java.util.Optional com.ohma.thutothebe.repository.CourseRepository.findByIdWithEnrolledStudents(java.lang.Long); Reason: Validation failed for query for method public abstract java.util.Optional com.ohma.thutothebe.repository.CourseRepository.findByIdWithEnrolledStudents(java.lang.Long)
	at org.springframework.beans.factory.support.ConstructorResolver.createArgumentArray(ConstructorResolver.java:798)
	at org.springframework.beans.factory.support.ConstructorResolver.autowireConstructor(ConstructorResolver.java:237)
	at org.springframework.beans.factory.support.AbstractAutowireCapableBeanFactory.autowireConstructor(AbstractAutowireCapableBeanFactory.java:1355)
	at org.springframework.beans.factory.support.AbstractAutowireCapableBeanFactory.createBeanInstance(AbstractAutowireCapableBeanFactory.java:1192)
	at org.springframework.beans.factory.support.AbstractAutowireCapableBeanFactory.doCreateBean(AbstractAutowireCapableBeanFactory.java:562)
	at org.springframework.beans.factory.support.AbstractAutowireCapableBeanFactory.createBean(AbstractAutowireCapableBeanFactory.java:522)
	at org.springframework.beans.factory.support.AbstractBeanFactory.lambda$doGetBean$0(AbstractBeanFactory.java:325)
	at org.springframework.beans.factory.support.DefaultSingletonBeanRegistry.getSingleton(DefaultSingletonBeanRegistry.java:234)
	at org.springframework.beans.factory.support.AbstractBeanFactory.doGetBean(AbstractBeanFactory.java:323)
	at org.springframework.beans.factory.support.AbstractBeanFactory.getBean(AbstractBeanFactory.java:199)
	at org.springframework.beans.factory.config.DependencyDescriptor.resolveCandidate(DependencyDescriptor.java:254)
	at org.springframework.beans.factory.support.DefaultListableBeanFactory.doResolveDependency(DefaultListableBeanFactory.java:1443)
	at org.springframework.beans.factory.support.DefaultListableBeanFactory.resolveDependency(DefaultListableBeanFactory.java:1353)
	at org.springframework.beans.factory.support.ConstructorResolver.resolveAutowiredArgument(ConstructorResolver.java:907)
	at org.springframework.beans.factory.support.ConstructorResolver.createArgumentArray(ConstructorResolver.java:785)
	... 33 common frames omitted
Caused by: org.springframework.beans.factory.BeanCreationException: Error creating bean with name 'courseRepository' defined in com.ohma.thutothebe.repository.CourseRepository defined in @EnableJpaRepositories declared on JpaRepositoriesRegistrar.EnableJpaRepositoriesConfiguration: Could not create query for public abstract java.util.Optional com.ohma.thutothebe.repository.CourseRepository.findByIdWithEnrolledStudents(java.lang.Long); Reason: Validation failed for query for method public abstract java.util.Optional com.ohma.thutothebe.repository.CourseRepository.findByIdWithEnrolledStudents(java.lang.Long)
	at org.springframework.beans.factory.support.AbstractAutowireCapableBeanFactory.initializeBean(AbstractAutowireCapableBeanFactory.java:1786)
	at org.springframework.beans.factory.support.AbstractAutowireCapableBeanFactory.doCreateBean(AbstractAutowireCapableBeanFactory.java:600)
	at org.springframework.beans.factory.support.AbstractAutowireCapableBeanFactory.createBean(AbstractAutowireCapableBeanFactory.java:522)
	at org.springframework.beans.factory.support.AbstractBeanFactory.lambda$doGetBean$0(AbstractBeanFactory.java:325)
	at org.springframework.beans.factory.support.DefaultSingletonBeanRegistry.getSingleton(DefaultSingletonBeanRegistry.java:234)
	at org.springframework.beans.factory.support.AbstractBeanFactory.doGetBean(AbstractBeanFactory.java:323)
	at org.springframework.beans.factory.support.AbstractBeanFactory.getBean(AbstractBeanFactory.java:199)
	at org.springframework.beans.factory.config.DependencyDescriptor.resolveCandidate(DependencyDescriptor.java:254)
	at org.springframework.beans.factory.support.DefaultListableBeanFactory.doResolveDependency(DefaultListableBeanFactory.java:1443)
	at org.springframework.beans.factory.support.DefaultListableBeanFactory.resolveDependency(DefaultListableBeanFactory.java:1353)
	at org.springframework.beans.factory.support.ConstructorResolver.resolveAutowiredArgument(ConstructorResolver.java:907)
	at org.springframework.beans.factory.support.ConstructorResolver.createArgumentArray(ConstructorResolver.java:785)
	... 47 common frames omitted
Caused by: org.springframework.data.repository.query.QueryCreationException: Could not create query for public abstract java.util.Optional com.ohma.thutothebe.repository.CourseRepository.findByIdWithEnrolledStudents(java.lang.Long); Reason: Validation failed for query for method public abstract java.util.Optional com.ohma.thutothebe.repository.CourseRepository.findByIdWithEnrolledStudents(java.lang.Long)
	at org.springframework.data.repository.query.QueryCreationException.create(QueryCreationException.java:101)
	at org.springframework.data.repository.core.support.QueryExecutorMethodInterceptor.lookupQuery(QueryExecutorMethodInterceptor.java:115)
	at org.springframework.data.repository.core.support.QueryExecutorMethodInterceptor.mapMethodsToQuery(QueryExecutorMethodInterceptor.java:99)
	at org.springframework.data.repository.core.support.QueryExecutorMethodInterceptor.lambda$new$0(QueryExecutorMethodInterceptor.java:88)
	at java.base/java.util.Optional.map(Optional.java:260)
	at org.springframework.data.repository.core.support.QueryExecutorMethodInterceptor.<init>(QueryExecutorMethodInterceptor.java:88)
	at org.springframework.data.repository.core.support.RepositoryFactorySupport.getRepository(RepositoryFactorySupport.java:357)
	at org.springframework.data.repository.core.support.RepositoryFactoryBeanSupport.lambda$afterPropertiesSet$5(RepositoryFactoryBeanSupport.java:279)
	at org.springframework.data.util.Lazy.getNullable(Lazy.java:135)
	at org.springframework.data.util.Lazy.get(Lazy.java:113)
	at org.springframework.data.repository.core.support.RepositoryFactoryBeanSupport.afterPropertiesSet(RepositoryFactoryBeanSupport.java:285)
	at org.springframework.data.jpa.repository.support.JpaRepositoryFactoryBean.afterPropertiesSet(JpaRepositoryFactoryBean.java:132)
	at org.springframework.beans.factory.support.AbstractAutowireCapableBeanFactory.invokeInitMethods(AbstractAutowireCapableBeanFactory.java:1833)
	at org.springframework.beans.factory.support.AbstractAutowireCapableBeanFactory.initializeBean(AbstractAutowireCapableBeanFactory.java:1782)
	... 58 common frames omitted
Caused by: java.lang.IllegalArgumentException: Validation failed for query for method public abstract java.util.Optional com.ohma.thutothebe.repository.CourseRepository.findByIdWithEnrolledStudents(java.lang.Long)
	at org.springframework.data.jpa.repository.query.SimpleJpaQuery.validateQuery(SimpleJpaQuery.java:100)
	at org.springframework.data.jpa.repository.query.SimpleJpaQuery.<init>(SimpleJpaQuery.java:70)
	at org.springframework.data.jpa.repository.query.JpaQueryFactory.fromMethodWithQueryString(JpaQueryFactory.java:60)
	at org.springframework.data.jpa.repository.query.JpaQueryLookupStrategy$DeclaredQueryLookupStrategy.resolveQuery(JpaQueryLookupStrategy.java:170)
	at org.springframework.data.jpa.repository.query.JpaQueryLookupStrategy$CreateIfNotFoundQueryLookupStrategy.resolveQuery(JpaQueryLookupStrategy.java:252)
	at org.springframework.data.jpa.repository.query.JpaQueryLookupStrategy$AbstractQueryLookupStrategy.resolveQuery(JpaQueryLookupStrategy.java:95)
	at org.springframework.data.repository.core.support.QueryExecutorMethodInterceptor.lookupQuery(QueryExecutorMethodInterceptor.java:111)
	... 70 common frames omitted
Caused by: java.lang.IllegalArgumentException: org.hibernate.query.sqm.UnknownPathException: Could not resolve attribute 'enrolledStudents' of 'com.ohma.thutothebe.entity.Course' [SELECT c FROM Course c LEFT JOIN FETCH c.enrolledStudents WHERE c.id = :id]
	at org.hibernate.internal.ExceptionConverterImpl.convert(ExceptionConverterImpl.java:143)
	at org.hibernate.internal.ExceptionConverterImpl.convert(ExceptionConverterImpl.java:167)
	at org.hibernate.internal.ExceptionConverterImpl.convert(ExceptionConverterImpl.java:173)
	at org.hibernate.internal.AbstractSharedSessionContract.createQuery(AbstractSharedSessionContract.java:848)
	at org.hibernate.internal.AbstractSharedSessionContract.createQuery(AbstractSharedSessionContract.java:753)
	at org.hibernate.internal.AbstractSharedSessionContract.createQuery(AbstractSharedSessionContract.java:136)
	at java.base/jdk.internal.reflect.NativeMethodAccessorImpl.invoke0(Native Method)
	at java.base/jdk.internal.reflect.NativeMethodAccessorImpl.invoke(NativeMethodAccessorImpl.java:77)
	at java.base/jdk.internal.reflect.DelegatingMethodAccessorImpl.invoke(DelegatingMethodAccessorImpl.java:43)
	at java.base/java.lang.reflect.Method.invoke(Method.java:569)
	at org.springframework.orm.jpa.ExtendedEntityManagerCreator$ExtendedEntityManagerInvocationHandler.invoke(ExtendedEntityManagerCreator.java:364)
	at jdk.proxy2/jdk.proxy2.$Proxy181.createQuery(Unknown Source)
	at org.springframework.data.jpa.repository.query.SimpleJpaQuery.validateQuery(SimpleJpaQuery.java:94)
	... 76 common frames omitted
Caused by: org.hibernate.query.sqm.UnknownPathException: Could not resolve attribute 'enrolledStudents' of 'com.ohma.thutothebe.entity.Course' [SELECT c FROM Course c LEFT JOIN FETCH c.enrolledStudents WHERE c.id = :id]
	at org.hibernate.query.hql.internal.StandardHqlTranslator.translate(StandardHqlTranslator.java:87)
	at org.hibernate.query.internal.QueryInterpretationCacheStandardImpl.createHqlInterpretation(QueryInterpretationCacheStandardImpl.java:165)
	at org.hibernate.query.internal.QueryInterpretationCacheStandardImpl.resolveHqlInterpretation(QueryInterpretationCacheStandardImpl.java:147)
	at org.hibernate.internal.AbstractSharedSessionContract.interpretHql(AbstractSharedSessionContract.java:790)
	at org.hibernate.internal.AbstractSharedSessionContract.createQuery(AbstractSharedSessionContract.java:840)
	... 85 common frames omitted
Caused by: org.hibernate.query.sqm.PathElementException: Could not resolve attribute 'enrolledStudents' of 'com.ohma.thutothebe.entity.Course'
	at org.hibernate.query.sqm.SqmPathSource.getSubPathSource(SqmPathSource.java:95)
	at org.hibernate.query.hql.internal.QualifiedJoinPathConsumer.createJoin(QualifiedJoinPathConsumer.java:190)
	at org.hibernate.query.hql.internal.QualifiedJoinPathConsumer$AttributeJoinDelegate.consumeIdentifier(QualifiedJoinPathConsumer.java:257)
	at org.hibernate.query.hql.internal.QualifiedJoinPathConsumer.consumeIdentifier(QualifiedJoinPathConsumer.java:104)
	at org.hibernate.query.hql.internal.SemanticQueryBuilder.visitSimplePath(SemanticQueryBuilder.java:5060)
	at org.hibernate.query.hql.internal.SemanticQueryBuilder.visitIndexedPathAccessFragment(SemanticQueryBuilder.java:5009)
	at org.hibernate.query.hql.internal.SemanticQueryBuilder.visitGeneralPathFragment(SemanticQueryBuilder.java:4984)
	at org.hibernate.query.hql.internal.SemanticQueryBuilder.visitGeneralPathFragment(SemanticQueryBuilder.java:269)
	at org.hibernate.grammars.hql.HqlParser$GeneralPathFragmentContext.accept(HqlParser.java:4451)
	at org.hibernate.query.hql.internal.SemanticQueryBuilder.visitPath(SemanticQueryBuilder.java:4975)
	at org.hibernate.query.hql.internal.SemanticQueryBuilder.visitPath(SemanticQueryBuilder.java:269)
	at org.hibernate.grammars.hql.HqlParser$PathContext.accept(HqlParser.java:4246)
	at org.hibernate.query.hql.internal.SemanticQueryBuilder.getJoin(SemanticQueryBuilder.java:2163)
	at org.hibernate.query.hql.internal.SemanticQueryBuilder.consumeJoin(SemanticQueryBuilder.java:2107)
	at org.hibernate.query.hql.internal.SemanticQueryBuilder.visitEntityWithJoins(SemanticQueryBuilder.java:1922)
	at org.hibernate.query.hql.internal.SemanticQueryBuilder.visitFromClause(SemanticQueryBuilder.java:1901)
	at org.hibernate.query.hql.internal.SemanticQueryBuilder.visitQuery(SemanticQueryBuilder.java:1148)
	at org.hibernate.query.hql.internal.SemanticQueryBuilder.visitQuerySpecExpression(SemanticQueryBuilder.java:941)
	at org.hibernate.query.hql.internal.SemanticQueryBuilder.visitQuerySpecExpression(SemanticQueryBuilder.java:269)
	at org.hibernate.grammars.hql.HqlParser$QuerySpecExpressionContext.accept(HqlParser.java:1869)
	at org.hibernate.query.hql.internal.SemanticQueryBuilder.visitSimpleQueryGroup(SemanticQueryBuilder.java:926)
	at org.hibernate.query.hql.internal.SemanticQueryBuilder.visitSimpleQueryGroup(SemanticQueryBuilder.java:269)
	at org.hibernate.grammars.hql.HqlParser$SimpleQueryGroupContext.accept(HqlParser.java:1740)
	at org.hibernate.query.hql.internal.SemanticQueryBuilder.visitSelectStatement(SemanticQueryBuilder.java:443)
	at org.hibernate.query.hql.internal.SemanticQueryBuilder.visitStatement(SemanticQueryBuilder.java:402)
	at org.hibernate.query.hql.internal.SemanticQueryBuilder.buildSemanticModel(SemanticQueryBuilder.java:311)
	at org.hibernate.query.hql.internal.StandardHqlTranslator.translate(StandardHqlTranslator.java:71)
	... 89 common frames omitted
2025-05-12 00:22:32,652 INFO  [background-preinit] o.h.v.i.u.Version: HV000001: Hibernate Validator 8.0.1.Final
2025-05-12 00:22:32,680 INFO  [main] o.s.b.StartupInfoLogger: Starting ThutoThebeApplication using Java 17.0.14 with PID 119295 (/home/obakengm/Personal/thutothebe/backend/target/classes started by obakengm in /home/obakengm/Personal/thutothebe)
2025-05-12 00:22:32,681 DEBUG [main] o.s.b.StartupInfoLogger: Running with Spring Boot v3.2.3, Spring v6.1.4
2025-05-12 00:22:32,682 INFO  [main] o.s.b.SpringApplication: No active profile set, falling back to 1 default profile: "default"
2025-05-12 00:22:33,192 INFO  [main] o.s.d.r.c.RepositoryConfigurationDelegate: Bootstrapping Spring Data JPA repositories in DEFAULT mode.
2025-05-12 00:22:33,229 INFO  [main] o.s.d.r.c.RepositoryConfigurationDelegate: Finished Spring Data repository scanning in 32 ms. Found 4 JPA repository interfaces.
2025-05-12 00:22:33,615 INFO  [main] o.s.b.w.e.t.TomcatWebServer: Tomcat initialized with port 8080 (http)
2025-05-12 00:22:33,623 INFO  [main] o.a.j.l.DirectJDKLog: Initializing ProtocolHandler ["http-nio-8080"]
2025-05-12 00:22:33,624 INFO  [main] o.a.j.l.DirectJDKLog: Starting service [Tomcat]
2025-05-12 00:22:33,625 INFO  [main] o.a.j.l.DirectJDKLog: Starting Servlet engine: [Apache Tomcat/10.1.19]
2025-05-12 00:22:33,663 INFO  [main] o.a.j.l.DirectJDKLog: Initializing Spring embedded WebApplicationContext
2025-05-12 00:22:33,663 INFO  [main] o.s.b.w.s.c.ServletWebServerApplicationContext: Root WebApplicationContext: initialization completed in 949 ms
2025-05-12 00:22:33,699 DEBUG [main] o.s.w.f.GenericFilterBean: Filter 'securityDebugFilter' configured for use
2025-05-12 00:22:33,750 INFO  [main] c.z.h.HikariDataSource: ThutoLMSHikariPool - Starting...
2025-05-12 00:22:33,867 INFO  [main] c.z.h.p.HikariPool: ThutoLMSHikariPool - Added connection org.postgresql.jdbc.PgConnection@23e2c1ca
2025-05-12 00:22:33,869 INFO  [main] c.z.h.HikariDataSource: ThutoLMSHikariPool - Start completed.
2025-05-12 00:22:33,929 INFO  [main] o.f.c.i.l.s.Slf4jLog: Flyway Community Edition 9.22.3 by Redgate
2025-05-12 00:22:33,930 INFO  [main] o.f.c.i.l.s.Slf4jLog: See release notes here: https://rd.gt/416ObMi
2025-05-12 00:22:33,930 INFO  [main] o.f.c.i.l.s.Slf4jLog: 
2025-05-12 00:22:33,938 INFO  [main] o.f.c.i.l.s.Slf4jLog: Database: jdbc:postgresql://localhost:5432/thutothebe (PostgreSQL 13.20)
2025-05-12 00:22:33,956 INFO  [main] o.f.c.i.l.s.Slf4jLog: Successfully validated 0 migrations (execution time 00:00.007s)
2025-05-12 00:22:33,956 WARN  [main] o.f.c.i.l.s.Slf4jLog: No migrations found. Are your locations set up correctly?
2025-05-12 00:22:33,984 INFO  [main] o.f.c.i.l.s.Slf4jLog: Current version of schema "public": << Empty Schema >>
2025-05-12 00:22:33,986 INFO  [main] o.f.c.i.l.s.Slf4jLog: Schema "public" is up to date. No migration necessary.
2025-05-12 00:22:34,041 INFO  [main] o.h.j.i.u.LogHelper: HHH000204: Processing PersistenceUnitInfo [name: default]
2025-05-12 00:22:34,080 INFO  [main] o.h.Version: HHH000412: Hibernate ORM core version 6.4.4.Final
2025-05-12 00:22:34,106 INFO  [main] o.h.c.i.RegionFactoryInitiator: HHH000025: Second-level cache region factory [org.hibernate.cache.jcache.internal.JCacheRegionFactory]
2025-05-12 00:22:34,281 INFO  [main] o.s.o.j.p.SpringPersistenceUnitInfo: No LoadTimeWeaver setup: ignoring JPA class transformer
2025-05-12 00:22:34,318 WARN  [main] o.h.e.j.d.i.DialectFactoryImpl: HHH90000025: PostgreSQLDialect does not need to be specified explicitly using 'hibernate.dialect' (remove the property setting and it will be selected by default)
2025-05-12 00:22:35,342 INFO  [main] o.h.e.t.j.p.i.JtaPlatformInitiator: HHH000489: No JTA platform available (set 'hibernate.transaction.jta.platform' to enable JTA platform integration)
2025-05-12 00:22:35,441 INFO  [main] o.s.o.j.AbstractEntityManagerFactoryBean: Initialized JPA EntityManagerFactory for persistence unit 'default'
2025-05-12 00:22:35,457 WARN  [main] o.s.c.s.AbstractApplicationContext: Exception encountered during context initialization - cancelling refresh attempt: org.springframework.beans.factory.UnsatisfiedDependencyException: Error creating bean with name 'assignmentController' defined in file [/home/obakengm/Personal/thutothebe/backend/target/classes/com/ohma/thutothebe/controller/AssignmentController.class]: Unsatisfied dependency expressed through constructor parameter 0: No qualifying bean of type 'com.ohma.thutothebe.service.AssignmentService' available: expected at least 1 bean which qualifies as autowire candidate. Dependency annotations: {}
2025-05-12 00:22:35,457 INFO  [main] o.s.o.j.AbstractEntityManagerFactoryBean: Closing JPA EntityManagerFactory for persistence unit 'default'
2025-05-12 00:22:35,462 WARN  [main] o.h.c.s.AbstractRegionFactory: HHH90001002: Attempt to restop an already stopped JCacheRegionFactory.
2025-05-12 00:22:35,464 INFO  [main] c.z.h.HikariDataSource: ThutoLMSHikariPool - Shutdown initiated...
2025-05-12 00:22:35,468 INFO  [main] c.z.h.HikariDataSource: ThutoLMSHikariPool - Shutdown completed.
2025-05-12 00:22:35,471 INFO  [main] o.a.j.l.DirectJDKLog: Stopping service [Tomcat]
2025-05-12 00:22:35,488 INFO  [main] o.s.b.a.l.ConditionEvaluationReportLogger: 

Error starting ApplicationContext. To display the condition evaluation report re-run your application with 'debug' enabled.
2025-05-12 00:22:35,514 ERROR [main] o.s.b.d.LoggingFailureAnalysisReporter: 

***************************
APPLICATION FAILED TO START
***************************

Description:

Parameter 0 of constructor in com.ohma.thutothebe.controller.AssignmentController required a bean of type 'com.ohma.thutothebe.service.AssignmentService' that could not be found.


Action:

Consider defining a bean of type 'com.ohma.thutothebe.service.AssignmentService' in your configuration.

